[Licensing::Module] Trying to connect to existing licensing client channel...
Built from '6000.2/staging' branch; Version is '6000.2.2f1 (ea398eefe1c2) revision 15350158'; Using compiler version '194234433'; Build Type 'Release'
[Licensing::IpcConnector] Successfully connected to: "LicenseClient-fer" at "2025-10-13T20:12:24.4934858Z"
OS: 'Windows 11  (10.0.26100) 64bit Core' Language: 'en' Physical Memory: 31848 MB
BatchMode: 1, IsHumanControllingUs: 0, StartBugReporterOnCrash: 0, Is64bit: 1
Date: 2025-10-13T20:12:24Z

COMMAND LINE ARGUMENTS:
C:\Program Files\Unity\Hub\Editor\6000.2.2f1-x86_64\Editor\Unity.exe
-adb2
-batchMode
-noUpm
-name
AssetImportWorker4
-projectPath
C:/Unity projects/MainTopDown
-logFile
Logs/AssetImportWorker4.log
-srvPort
52739
-licensingIpc
LicenseClient-fer
-job-worker-count
11
-background-job-worker-count
8
-gc-helper-count
1
-name
AssetImport
Successfully changed project path to: C:/Unity projects/MainTopDown
C:/Unity projects/MainTopDown
[UnityMemory] Configuration Parameters - Can be set up in boot.config
    "memorysetup-allocator-temp-initial-block-size-main=262144"
    "memorysetup-allocator-temp-initial-block-size-worker=262144"
    "memorysetup-bucket-allocator-granularity=16"
    "memorysetup-bucket-allocator-bucket-count=8"
    "memorysetup-bucket-allocator-block-size=33554432"
    "memorysetup-bucket-allocator-block-count=8"
    "memorysetup-main-allocator-block-size=16777216"
    "memorysetup-thread-allocator-block-size=16777216"
    "memorysetup-gfx-main-allocator-block-size=16777216"
    "memorysetup-gfx-thread-allocator-block-size=16777216"
    "memorysetup-cache-allocator-block-size=4194304"
    "memorysetup-typetree-allocator-block-size=2097152"
    "memorysetup-profiler-bucket-allocator-granularity=16"
    "memorysetup-profiler-bucket-allocator-bucket-count=8"
    "memorysetup-profiler-bucket-allocator-block-size=33554432"
    "memorysetup-profiler-bucket-allocator-block-count=8"
    "memorysetup-profiler-allocator-block-size=16777216"
    "memorysetup-profiler-editor-allocator-block-size=1048576"
    "memorysetup-temp-allocator-size-main=16777216"
    "memorysetup-job-temp-allocator-block-size=2097152"
    "memorysetup-job-temp-allocator-block-size-background=1048576"
    "memorysetup-job-temp-allocator-reduction-small-platforms=262144"
    "memorysetup-temp-allocator-size-background-worker=32768"
    "memorysetup-temp-allocator-size-job-worker=262144"
    "memorysetup-temp-allocator-size-preload-manager=33554432"
    "memorysetup-temp-allocator-size-nav-mesh-worker=65536"
    "memorysetup-temp-allocator-size-audio-worker=65536"
    "memorysetup-temp-allocator-size-cloud-worker=32768"
    "memorysetup-temp-allocator-size-gi-baking-worker=262144"
    "memorysetup-temp-allocator-size-gi-baking-worker=262144"
    "memorysetup-temp-allocator-size-gi-baking-worker=262144"
    "memorysetup-temp-allocator-size-gi-baking-worker=262144"
    "memorysetup-temp-allocator-size-gi-baking-worker=262144"
    "memorysetup-temp-allocator-size-gfx=262144"
Player connection [25308]  Target information:

Player connection [25308]  * "[IP] 10.5.0.2 [Port] 0 [Flags] 2 [Guid] 842178303 [EditorId] 842178303 [Version] 1048832 [Id] WindowsEditor(7,DESKTOP-ATOMIC) [Debug] 1 [PackageName] WindowsEditor [ProjectName] Editor" 

Player connection [25308]  * "[IP] 192.168.1.163 [Port] 0 [Flags] 2 [Guid] 842178303 [EditorId] 842178303 [Version] 1048832 [Id] WindowsEditor(7,DESKTOP-ATOMIC) [Debug] 1 [PackageName] WindowsEditor [ProjectName] Editor" 

Player connection [25308] Host joined multi-casting on [225.0.0.222:54997]...
Player connection [25308] Host joined alternative multi-casting on [225.0.0.222:34997]...
JobSystem: Creating JobQueue using job-worker-count value 11
Input System module state changed to: Initialized.
[Physics::Module] Initialized fallback backend.
[Physics::Module] Id: 0xdecafbad
[Licensing::Client] Code 10 while verifying Licensing Client signature (process Id: 32040, path: "C:/Program Files/Unity Hub/UnityLicensingClient_V1/Unity.Licensing.Client.exe")
[Licensing::Module] LicensingClient has failed validation; ignoring
[Licensing::Client] Handshaking with LicensingClient:
  Version:                 1.17.3+a4e98f1
  Session Id:              36f9dbdc6b334e3a8aa82c1fd11f6102
  Correlation Id:          9a0ae238df18daa538b62238e65ca2e7
  External correlation Id: 7025666141021249609
  Machine Id:              24RKWgNJf3IiQsUb+Z9Vbb2BziQ=
[Licensing::Module] Successfully connected to LicensingClient on channel: "LicenseClient-fer" (connect: 0.00s, validation: 0.00s, handshake: 0.04s)
[Licensing::IpcConnector] Successfully connected to: "LicenseClient-fer-notifications" at "2025-10-13T20:12:24.5367713Z"
[Licensing::Module] Licensing Background thread has ended after 0.04s
Library Redirect Path: Library/
[Physics::Module] Selected backend.
[Physics::Module] Name: PhysX
[Physics::Module] Id: 0xf2b8ea05
[Physics::Module] SDK Version: 4.1.2
[Physics::Module] Integration Version: 1.0.0
[Physics::Module] Threading Mode: Multi-Threaded
Refreshing native plugins compatible for Editor in 6.77 ms, found 4 plugins.
Preloading 0 native plugins for Editor in 0.00 ms.
Initialize engine version: 6000.2.2f1 (ea398eefe1c2)
[Subsystems] Discovering subsystems at path C:/Program Files/Unity/Hub/Editor/6000.2.2f1-x86_64/Editor/Data/Resources/UnitySubsystems
[Subsystems] Discovering subsystems at path C:/Unity projects/MainTopDown/Assets
GfxDevice: creating device client; kGfxThreadingModeNonThreaded
d3d12: failed to query info queue interface (0x80004002).
Direct3D:
    Version:         Direct3D 12 [level 12.1]
    Renderer:        NVIDIA GeForce RTX 5070 Ti (ID=0x2c05)
    Vendor:          NVIDIA
    VRAM:            15907 MB
    App VRAM Budget: 15139 MB
    Driver:          32.0.15.8129
Initialize mono
Mono path[0] = 'C:/Program Files/Unity/Hub/Editor/6000.2.2f1-x86_64/Editor/Data/Managed'
Mono path[1] = 'C:/Program Files/Unity/Hub/Editor/6000.2.2f1-x86_64/Editor/Data/MonoBleedingEdge/lib/mono/unityjit-win32'
Mono config path = 'C:/Program Files/Unity/Hub/Editor/6000.2.2f1-x86_64/Editor/Data/MonoBleedingEdge/etc'
Using monoOptions --debugger-agent=transport=dt_socket,embedding=1,server=y,suspend=n,address=127.0.0.1:56536
Begin MonoManager ReloadAssembly
Registering precompiled unity dll's ...
Register platform support module: C:/Program Files/Unity/Hub/Editor/6000.2.2f1-x86_64/Editor/Data/PlaybackEngines/WindowsStandaloneSupport/UnityEditor.WindowsStandalone.Extensions.dll
Registered in 0.005062 seconds.
- Loaded All Assemblies, in  0.485 seconds
Native extension for WindowsStandalone target not found
Mono: successfully reloaded assembly
- Finished resetting the current domain, in  0.248 seconds
Domain Reload Profiling: 722ms
	BeginReloadAssembly (241ms)
		ExecutionOrderSort (0ms)
		DisableScriptedObjects (0ms)
		BackupInstance (0ms)
		ReleaseScriptingObjects (0ms)
		CreateAndSetChildDomain (1ms)
	RebuildCommonClasses (27ms)
	RebuildNativeTypeToScriptingClass (7ms)
	initialDomainReloadingComplete (77ms)
	LoadAllAssembliesAndSetupDomain (121ms)
		LoadAssemblies (200ms)
		RebuildTransferFunctionScriptingTraits (0ms)
		AnalyzeDomain (118ms)
			TypeCache.Refresh (117ms)
				TypeCache.ScanAssembly (108ms)
			BuildScriptInfoCaches (0ms)
			ResolveRequiredComponents (0ms)
	FinalizeReload (248ms)
		ReleaseScriptCaches (0ms)
		RebuildScriptCaches (0ms)
		SetupLoadedEditorAssemblies (214ms)
			LogAssemblyErrors (0ms)
			InitializePlatformSupportModulesInManaged (37ms)
			SetLoadedEditorAssemblies (3ms)
			BeforeProcessingInitializeOnLoad (45ms)
			ProcessInitializeOnLoadAttributes (97ms)
			ProcessInitializeOnLoadMethodAttributes (32ms)
			AfterProcessingInitializeOnLoad (0ms)
			EditorAssembliesLoaded (0ms)
		ExecutionOrderSort2 (0ms)
		AwakeInstancesAfterBackupRestoration (0ms)
Assembly reference Packages/com.unity.cinemachine/Editor/Samples/ExposeHDRPInternals/HDRP-Editor-ref.asmref has no target assembly definition
========================================================================
Worker process is ready to serve import requests
Import Worker Mode flag is 0x00
Assembly reference Packages/com.unity.cinemachine/Editor/Samples/ExposeHDRPInternals/HDRP-Editor-ref.asmref has no target assembly definition
Assembly reference Packages/com.unity.cinemachine/Editor/Samples/ExposeHDRPInternals/HDRP-Editor-ref.asmref has no target assembly definition
Begin MonoManager ReloadAssembly
[Licensing::Client] Successfully resolved entitlement details
[Licensing::Module] License group:
  Id: 1375853287491-UnityPersXXXX
  Product: Unity Personal
  Type: Assigned
  Expiration: Unlimited
- Loaded All Assemblies, in  1.013 seconds
Assembly reference Packages/com.unity.cinemachine/Editor/Samples/ExposeHDRPInternals/HDRP-Editor-ref.asmref has no target assembly definition
'Packages/com.unity.cinemachine/Editor/Obsolete/CinemachineVirtualCameraBaseEditor.cs' contains partial class of Unity.Object, exactly 1 of the partial classes needs to be in a file with the same filename. This is to know the one that can be referenced from ie. GameObjects
'Packages/com.unity.cinemachine/Editor/Editors/CinemachineVirtualCameraBaseEditor.cs' contains partial class of Unity.Object, exactly 1 of the partial classes needs to be in a file with the same filename. This is to know the one that can be referenced from ie. GameObjects
Refreshing native plugins compatible for Editor in 3.34 ms, found 4 plugins.
Native extension for WindowsStandalone target not found
Assembly reference Packages/com.unity.cinemachine/Editor/Samples/ExposeHDRPInternals/HDRP-Editor-ref.asmref has no target assembly definition
Package Manager log level set to [2]
[Package Manager] Failed to launch server process. Reason: Unity was launched with the -noUpm command-line argument
[Package Manager] Unable to send message (not connected to server process).
[Package Manager] Cannot connect to Unity Package Manager local server
[Package Manager] Failed to launch server process. Reason: Unity was launched with the -noUpm command-line argument
[Package Manager] Unable to send message (not connected to server process).
[Package Manager] Cannot connect to Unity Package Manager local server
Mono: successfully reloaded assembly
- Finished resetting the current domain, in  0.580 seconds
Domain Reload Profiling: 1566ms
	BeginReloadAssembly (254ms)
		ExecutionOrderSort (0ms)
		DisableScriptedObjects (4ms)
		BackupInstance (0ms)
		ReleaseScriptingObjects (0ms)
		CreateAndSetChildDomain (27ms)
	RebuildCommonClasses (30ms)
	RebuildNativeTypeToScriptingClass (11ms)
	initialDomainReloadingComplete (51ms)
	LoadAllAssembliesAndSetupDomain (640ms)
		LoadAssemblies (626ms)
		RebuildTransferFunctionScriptingTraits (0ms)
		AnalyzeDomain (191ms)
			TypeCache.Refresh (140ms)
				TypeCache.ScanAssembly (129ms)
			BuildScriptInfoCaches (39ms)
			ResolveRequiredComponents (9ms)
	FinalizeReload (580ms)
		ReleaseScriptCaches (0ms)
		RebuildScriptCaches (0ms)
		SetupLoadedEditorAssemblies (477ms)
			LogAssemblyErrors (0ms)
			InitializePlatformSupportModulesInManaged (2ms)
			SetLoadedEditorAssemblies (4ms)
			BeforeProcessingInitializeOnLoad (139ms)
			ProcessInitializeOnLoadAttributes (244ms)
			ProcessInitializeOnLoadMethodAttributes (76ms)
			AfterProcessingInitializeOnLoad (12ms)
			EditorAssembliesLoaded (0ms)
		ExecutionOrderSort2 (0ms)
		AwakeInstancesAfterBackupRestoration (4ms)
Launched and connected shader compiler UnityShaderCompiler.exe after 0.01 seconds
Refreshing native plugins compatible for Editor in 3.96 ms, found 4 plugins.
Preloading 0 native plugins for Editor in 0.00 ms.
Unloading 38 Unused Serialized files (Serialized files now loaded: 0)
Unloading 7171 unused Assets / (7.8 MB). Loaded Objects now: 7854.
Memory consumption went from 152.0 MB to 144.2 MB.
Total: 8.397600 ms (FindLiveObjects: 0.692100 ms CreateObjectMapping: 0.828900 ms MarkObjects: 3.404600 ms  DeleteObjects: 3.471200 ms)

========================================================================
Received Import Request.
  Time since last request: 1781876.972436 seconds.
  path: Assets/Sprites/LevelSprites/Hospital/TileSheet-BedRooms_56.asset
  artifactKey: Guid(85b0d8e19bf011a43afb544b14586818) Importer(815301076,1909f56bfc062723c751e8b465ee728b)
Start importing Assets/Sprites/LevelSprites/Hospital/TileSheet-BedRooms_56.asset using Guid(85b0d8e19bf011a43afb544b14586818) Importer(815301076,1909f56bfc062723c751e8b465ee728b) (PreviewImporter) -> (artifact id: 'bc26bee95b40aa3bc59be37620be2c7a') in 0.0607354 seconds
Number of updated asset objects reloaded before import = 0Number of asset objects unloaded after import = 3

========================================================================
Received Import Request.
  Time since last request: 0.152616 seconds.
  path: Assets/Sprites/LevelSprites/Hospital/TileSheet-BedRooms_62.asset
  artifactKey: Guid(a981721cf349a2c4a8e2009d0ec7460b) Importer(815301076,1909f56bfc062723c751e8b465ee728b)
Start importing Assets/Sprites/LevelSprites/Hospital/TileSheet-BedRooms_62.asset using Guid(a981721cf349a2c4a8e2009d0ec7460b) Importer(815301076,1909f56bfc062723c751e8b465ee728b) (PreviewImporter) -> (artifact id: '11849f0604a0eca1011c7620dfed64e2') in 0.0098899 seconds
Number of updated asset objects reloaded before import = 0Number of asset objects unloaded after import = 3

========================================================================
Received Import Request.
  Time since last request: 0.000013 seconds.
  path: Assets/Sprites/LevelSprites/Hospital/TileSheet-BloodAndDead_2.asset
  artifactKey: Guid(9eecc94a0626f5b4ebb3ae8bf5ce7c8a) Importer(815301076,1909f56bfc062723c751e8b465ee728b)
Start importing Assets/Sprites/LevelSprites/Hospital/TileSheet-BloodAndDead_2.asset using Guid(9eecc94a0626f5b4ebb3ae8bf5ce7c8a) Importer(815301076,1909f56bfc062723c751e8b465ee728b) (PreviewImporter) -> (artifact id: 'ebf6af46f0d060535b59c39ffe90908a') in 0.0065014 seconds
Number of updated asset objects reloaded before import = 0Number of asset objects unloaded after import = 3

========================================================================
Received Import Request.
  Time since last request: 0.000015 seconds.
  path: Assets/Sprites/LevelSprites/Hospital/TileSheet-BloodAndDead_4.asset
  artifactKey: Guid(318de39ce41242f45a43d5f1707f6722) Importer(815301076,1909f56bfc062723c751e8b465ee728b)
Start importing Assets/Sprites/LevelSprites/Hospital/TileSheet-BloodAndDead_4.asset using Guid(318de39ce41242f45a43d5f1707f6722) Importer(815301076,1909f56bfc062723c751e8b465ee728b) (PreviewImporter) -> (artifact id: '3c507a9b4156643ca099151a75986acd') in 0.0136331 seconds
Number of updated asset objects reloaded before import = 0Number of asset objects unloaded after import = 3

========================================================================
Received Import Request.
  Time since last request: 0.000023 seconds.
  path: Assets/Sprites/LevelSprites/Hospital/TileSheet-BloodAndDead_14.asset
  artifactKey: Guid(35e7cc86c918a5547a89026bac324290) Importer(815301076,1909f56bfc062723c751e8b465ee728b)
Start importing Assets/Sprites/LevelSprites/Hospital/TileSheet-BloodAndDead_14.asset using Guid(35e7cc86c918a5547a89026bac324290) Importer(815301076,1909f56bfc062723c751e8b465ee728b) (PreviewImporter) -> (artifact id: '70342940f61158f2f80f66181ecdbb6b') in 0.012305 seconds
Number of updated asset objects reloaded before import = 0Number of asset objects unloaded after import = 3

========================================================================
Received Import Request.
  Time since last request: 0.271959 seconds.
  path: Assets/Sprites/LevelSprites/Hospital/TileSheet-BloodAndDead_16.asset
  artifactKey: Guid(91bdb704823bf1243b80e33352de2acc) Importer(815301076,1909f56bfc062723c751e8b465ee728b)
Start importing Assets/Sprites/LevelSprites/Hospital/TileSheet-BloodAndDead_16.asset using Guid(91bdb704823bf1243b80e33352de2acc) Importer(815301076,1909f56bfc062723c751e8b465ee728b) (PreviewImporter) -> (artifact id: '00871bcde763ed67369331131d675dd2') in 0.0138474 seconds
Number of updated asset objects reloaded before import = 0Number of asset objects unloaded after import = 3

========================================================================
Received Import Request.
  Time since last request: 0.000016 seconds.
  path: Assets/Sprites/LevelSprites/Hospital/TileSheet-BloodAndDead_22.asset
  artifactKey: Guid(b0d2c0e58e3ae7545bda0032e4d0de42) Importer(815301076,1909f56bfc062723c751e8b465ee728b)
Start importing Assets/Sprites/LevelSprites/Hospital/TileSheet-BloodAndDead_22.asset using Guid(b0d2c0e58e3ae7545bda0032e4d0de42) Importer(815301076,1909f56bfc062723c751e8b465ee728b) (PreviewImporter) -> (artifact id: 'eb80e4cb620bc216790c351177446f7f') in 0.0138116 seconds
Number of updated asset objects reloaded before import = 0Number of asset objects unloaded after import = 3

========================================================================
Received Import Request.
  Time since last request: 0.000024 seconds.
  path: Assets/Sprites/LevelSprites/Hospital/TileSheet-BloodAndDead_29.asset
  artifactKey: Guid(4ee58c0baddcf774388c47697bf2a04f) Importer(815301076,1909f56bfc062723c751e8b465ee728b)
Start importing Assets/Sprites/LevelSprites/Hospital/TileSheet-BloodAndDead_29.asset using Guid(4ee58c0baddcf774388c47697bf2a04f) Importer(815301076,1909f56bfc062723c751e8b465ee728b) (PreviewImporter) -> (artifact id: 'e0804f389df3ed0d43a1844cc33d5398') in 0.0126243 seconds
Number of updated asset objects reloaded before import = 0Number of asset objects unloaded after import = 3

========================================================================
Received Import Request.
  Time since last request: 0.000014 seconds.
  path: Assets/Sprites/LevelSprites/Hospital/TileSheet-BloodAndDead_34.asset
  artifactKey: Guid(76f46cc1565f1ac41ae29ac246103fae) Importer(815301076,1909f56bfc062723c751e8b465ee728b)
Start importing Assets/Sprites/LevelSprites/Hospital/TileSheet-BloodAndDead_34.asset using Guid(76f46cc1565f1ac41ae29ac246103fae) Importer(815301076,1909f56bfc062723c751e8b465ee728b) (PreviewImporter) -> (artifact id: '4e3652f54a2f02dadbd7f193ea5935b0') in 0.0130327 seconds
Number of updated asset objects reloaded before import = 0Number of asset objects unloaded after import = 3

========================================================================
Received Import Request.
  Time since last request: 0.000013 seconds.
  path: Assets/Sprites/LevelSprites/Hospital/TileSheet-BloodAndDead_32.asset
  artifactKey: Guid(ab2be66f824136342bc7873f12d083a2) Importer(815301076,1909f56bfc062723c751e8b465ee728b)
Start importing Assets/Sprites/LevelSprites/Hospital/TileSheet-BloodAndDead_32.asset using Guid(ab2be66f824136342bc7873f12d083a2) Importer(815301076,1909f56bfc062723c751e8b465ee728b) (PreviewImporter) -> (artifact id: '0143e5392b2fbb604449be0d51e7ecac') in 0.012143 seconds
Number of updated asset objects reloaded before import = 0Number of asset objects unloaded after import = 3

========================================================================
Received Import Request.
  Time since last request: 0.061086 seconds.
  path: Assets/Sprites/LevelSprites/Hospital/TileSheet-Corridor_1.asset
  artifactKey: Guid(04341d8e5c58e0e4fb987ee2f3284aa3) Importer(815301076,1909f56bfc062723c751e8b465ee728b)
Start importing Assets/Sprites/LevelSprites/Hospital/TileSheet-Corridor_1.asset using Guid(04341d8e5c58e0e4fb987ee2f3284aa3) Importer(815301076,1909f56bfc062723c751e8b465ee728b) (PreviewImporter) -> (artifact id: 'cd17d680b0820b6a4ff615ba10652dc0') in 0.0119998 seconds
Number of updated asset objects reloaded before import = 0Number of asset objects unloaded after import = 3

========================================================================
Received Import Request.
  Time since last request: 0.000013 seconds.
  path: Assets/Sprites/LevelSprites/Hospital/TileSheet-Corridor_8.asset
  artifactKey: Guid(d6e974f72b43f884a9e2d6049cbf9cb4) Importer(815301076,1909f56bfc062723c751e8b465ee728b)
Start importing Assets/Sprites/LevelSprites/Hospital/TileSheet-Corridor_8.asset using Guid(d6e974f72b43f884a9e2d6049cbf9cb4) Importer(815301076,1909f56bfc062723c751e8b465ee728b) (PreviewImporter) -> (artifact id: 'edee7feb15a16b533561ade34e13674f') in 0.0133443 seconds
Number of updated asset objects reloaded before import = 0Number of asset objects unloaded after import = 3

========================================================================
Received Import Request.
  Time since last request: 0.000015 seconds.
  path: Assets/Sprites/LevelSprites/Hospital/TileSheet-Elevators_6.asset
  artifactKey: Guid(16e8f354a10b8f24d8f7b469d1abf5d4) Importer(815301076,1909f56bfc062723c751e8b465ee728b)
Start importing Assets/Sprites/LevelSprites/Hospital/TileSheet-Elevators_6.asset using Guid(16e8f354a10b8f24d8f7b469d1abf5d4) Importer(815301076,1909f56bfc062723c751e8b465ee728b) (PreviewImporter) -> (artifact id: '6ae81ded9f9d4f36a757f2b3ab6772f2') in 0.0125479 seconds
Number of updated asset objects reloaded before import = 0Number of asset objects unloaded after import = 3

========================================================================
Received Import Request.
  Time since last request: 0.000021 seconds.
  path: Assets/Sprites/LevelSprites/Hospital/TileSheet-Elevators_3.asset
  artifactKey: Guid(92085ce0c5fe1fd4294745c1f6ff8894) Importer(815301076,1909f56bfc062723c751e8b465ee728b)
Start importing Assets/Sprites/LevelSprites/Hospital/TileSheet-Elevators_3.asset using Guid(92085ce0c5fe1fd4294745c1f6ff8894) Importer(815301076,1909f56bfc062723c751e8b465ee728b) (PreviewImporter) -> (artifact id: '599b190eef728d6fc457a3d2653dec64') in 0.0116578 seconds
Number of updated asset objects reloaded before import = 0Number of asset objects unloaded after import = 3

========================================================================
Received Import Request.
  Time since last request: 0.126264 seconds.
  path: Assets/Sprites/LevelSprites/Hospital/TileSheet-Elevators_10.asset
  artifactKey: Guid(c1d887dd17b8c684d897a7c4cdf9dc36) Importer(815301076,1909f56bfc062723c751e8b465ee728b)
Start importing Assets/Sprites/LevelSprites/Hospital/TileSheet-Elevators_10.asset using Guid(c1d887dd17b8c684d897a7c4cdf9dc36) Importer(815301076,1909f56bfc062723c751e8b465ee728b) (PreviewImporter) -> (artifact id: 'd9a39652086411fb6484bb714fe6175a') in 0.0128989 seconds
Number of updated asset objects reloaded before import = 0Number of asset objects unloaded after import = 3

========================================================================
Received Import Request.
  Time since last request: 0.000016 seconds.
  path: Assets/Sprites/LevelSprites/Hospital/TileSheet-Kitchen_4.asset
  artifactKey: Guid(598a69a37a00afa4aa0a27f077446eab) Importer(815301076,1909f56bfc062723c751e8b465ee728b)
Start importing Assets/Sprites/LevelSprites/Hospital/TileSheet-Kitchen_4.asset using Guid(598a69a37a00afa4aa0a27f077446eab) Importer(815301076,1909f56bfc062723c751e8b465ee728b) (PreviewImporter) -> (artifact id: 'edd901b751f7918828337e94a1664a66') in 0.0119102 seconds
Number of updated asset objects reloaded before import = 0Number of asset objects unloaded after import = 3

========================================================================
Received Import Request.
  Time since last request: 0.000023 seconds.
  path: Assets/Sprites/LevelSprites/Hospital/TileSheet-Kitchen_5.asset
  artifactKey: Guid(c48fca8ca4f72d74fa136ed1da2e747f) Importer(815301076,1909f56bfc062723c751e8b465ee728b)
Start importing Assets/Sprites/LevelSprites/Hospital/TileSheet-Kitchen_5.asset using Guid(c48fca8ca4f72d74fa136ed1da2e747f) Importer(815301076,1909f56bfc062723c751e8b465ee728b) (PreviewImporter) -> (artifact id: '985aae8b6933c9a8cc3ff9c9a7929d38') in 0.0127756 seconds
Number of updated asset objects reloaded before import = 0Number of asset objects unloaded after import = 3

========================================================================
Received Import Request.
  Time since last request: 0.000013 seconds.
  path: Assets/Sprites/LevelSprites/Hospital/TileSheet-MachineRoom.png
  artifactKey: Guid(07697a26e25cc3141aa9de2a14ee7e7a) Importer(815301076,1909f56bfc062723c751e8b465ee728b)
Start importing Assets/Sprites/LevelSprites/Hospital/TileSheet-MachineRoom.png using Guid(07697a26e25cc3141aa9de2a14ee7e7a) Importer(815301076,1909f56bfc062723c751e8b465ee728b) (PreviewImporter) -> (artifact id: '633df5208dfc5c65465fc34a8c957257') in 0.0688559 seconds
Number of updated asset objects reloaded before import = 0Number of asset objects unloaded after import = 18

========================================================================
Received Import Request.
  Time since last request: 0.095999 seconds.
  path: Assets/Sprites/LevelSprites/Hospital/TileSheet-SafeRoom.png
  artifactKey: Guid(d6c6d97ca29d3aa4f933bddefdc6cbc7) Importer(815301076,1909f56bfc062723c751e8b465ee728b)
Start importing Assets/Sprites/LevelSprites/Hospital/TileSheet-SafeRoom.png using Guid(d6c6d97ca29d3aa4f933bddefdc6cbc7) Importer(815301076,1909f56bfc062723c751e8b465ee728b) (PreviewImporter) -> (artifact id: '0d1b2c238582babcdc62abdf52ff982d') in 0.0630533 seconds
Number of updated asset objects reloaded before import = 0Number of asset objects unloaded after import = 22

========================================================================
Received Import Request.
  Time since last request: 0.000014 seconds.
  path: Assets/Sprites/LevelSprites/Hospital/TileSheet-Trash-Puddles_15.asset
  artifactKey: Guid(e3bad1bdef942e44e981277816dfb204) Importer(815301076,1909f56bfc062723c751e8b465ee728b)
Start importing Assets/Sprites/LevelSprites/Hospital/TileSheet-Trash-Puddles_15.asset using Guid(e3bad1bdef942e44e981277816dfb204) Importer(815301076,1909f56bfc062723c751e8b465ee728b) (PreviewImporter) -> (artifact id: '3928f8135763e24b7dc630e3c7864d51') in 0.0117888 seconds
Number of updated asset objects reloaded before import = 0Number of asset objects unloaded after import = 3

========================================================================
Received Import Request.
  Time since last request: 0.000025 seconds.
  path: Assets/Sprites/LevelSprites/Hospital/TileSheet-Trash-Puddles_16.asset
  artifactKey: Guid(36260337b527b4c428b4026c197fe04f) Importer(815301076,1909f56bfc062723c751e8b465ee728b)
Start importing Assets/Sprites/LevelSprites/Hospital/TileSheet-Trash-Puddles_16.asset using Guid(36260337b527b4c428b4026c197fe04f) Importer(815301076,1909f56bfc062723c751e8b465ee728b) (PreviewImporter) -> (artifact id: 'e8cf9fc3d72ada42898fa79f3b9d3995') in 0.0128618 seconds
Number of updated asset objects reloaded before import = 0Number of asset objects unloaded after import = 3

========================================================================
Received Import Request.
  Time since last request: 0.000013 seconds.
  path: Assets/Sprites/LevelSprites/Hospital/TileSheet-Trash-Puddles_2.asset
  artifactKey: Guid(6f79a34b89fff4e478276980f6fcb1a5) Importer(815301076,1909f56bfc062723c751e8b465ee728b)
Start importing Assets/Sprites/LevelSprites/Hospital/TileSheet-Trash-Puddles_2.asset using Guid(6f79a34b89fff4e478276980f6fcb1a5) Importer(815301076,1909f56bfc062723c751e8b465ee728b) (PreviewImporter) -> (artifact id: '02dcfcb45685fe51be8ccc830e5e7c7d') in 0.01048 seconds
Number of updated asset objects reloaded before import = 0Number of asset objects unloaded after import = 3

========================================================================
Received Import Request.
  Time since last request: 0.026113 seconds.
  path: Assets/Sprites/LevelSprites/Hospital/TileSheet-Trash-Puddles_20.asset
  artifactKey: Guid(dc718da681e03014797b004aa3d11d7b) Importer(815301076,1909f56bfc062723c751e8b465ee728b)
Start importing Assets/Sprites/LevelSprites/Hospital/TileSheet-Trash-Puddles_20.asset using Guid(dc718da681e03014797b004aa3d11d7b) Importer(815301076,1909f56bfc062723c751e8b465ee728b) (PreviewImporter) -> (artifact id: '2dcf46c7dd8c5fb154c39a7731e802b9') in 0.012642 seconds
Number of updated asset objects reloaded before import = 0Number of asset objects unloaded after import = 3

========================================================================
Received Import Request.
  Time since last request: 0.000015 seconds.
  path: Assets/Sprites/LevelSprites/Hospital/TileSheet-Trash-Puddles_27.asset
  artifactKey: Guid(beb135fdc64f1d14f82722d4f60207fd) Importer(815301076,1909f56bfc062723c751e8b465ee728b)
Start importing Assets/Sprites/LevelSprites/Hospital/TileSheet-Trash-Puddles_27.asset using Guid(beb135fdc64f1d14f82722d4f60207fd) Importer(815301076,1909f56bfc062723c751e8b465ee728b) (PreviewImporter) -> (artifact id: 'c730c12a62bf85e2dd63228f407248fd') in 0.0120965 seconds
Number of updated asset objects reloaded before import = 0Number of asset objects unloaded after import = 3

========================================================================
Received Import Request.
  Time since last request: 0.000023 seconds.
  path: Assets/Sprites/LevelSprites/Hospital/TileSheet-Trash-Puddles_37.asset
  artifactKey: Guid(d926c361107452f49b39825a3f8aba37) Importer(815301076,1909f56bfc062723c751e8b465ee728b)
Start importing Assets/Sprites/LevelSprites/Hospital/TileSheet-Trash-Puddles_37.asset using Guid(d926c361107452f49b39825a3f8aba37) Importer(815301076,1909f56bfc062723c751e8b465ee728b) (PreviewImporter) -> (artifact id: 'de681eb94823d3e82ca9e51d42a874d0') in 0.0151665 seconds
Number of updated asset objects reloaded before import = 0Number of asset objects unloaded after import = 3

========================================================================
Received Import Request.
  Time since last request: 0.000014 seconds.
  path: Assets/Sprites/LevelSprites/Hospital/TileSheet-Trash-Puddles_35.asset
  artifactKey: Guid(99696564bbbc61e4e85e6d1e07099849) Importer(815301076,1909f56bfc062723c751e8b465ee728b)
Start importing Assets/Sprites/LevelSprites/Hospital/TileSheet-Trash-Puddles_35.asset using Guid(99696564bbbc61e4e85e6d1e07099849) Importer(815301076,1909f56bfc062723c751e8b465ee728b) (PreviewImporter) -> (artifact id: '5c776766e94306070a643017743dc1b4') in 0.0116102 seconds
Number of updated asset objects reloaded before import = 0Number of asset objects unloaded after import = 3

========================================================================
Received Import Request.
  Time since last request: 0.075553 seconds.
  path: Assets/Sprites/LevelSprites/Hospital/TileSheet-Trash-Puddles_44.asset
  artifactKey: Guid(770620f5acc469846ab18876b1d6dd81) Importer(815301076,1909f56bfc062723c751e8b465ee728b)
Start importing Assets/Sprites/LevelSprites/Hospital/TileSheet-Trash-Puddles_44.asset using Guid(770620f5acc469846ab18876b1d6dd81) Importer(815301076,1909f56bfc062723c751e8b465ee728b) (PreviewImporter) -> (artifact id: '8a9a505d91f030ebdf6efb9425e40bb0') in 0.0133622 seconds
Number of updated asset objects reloaded before import = 0Number of asset objects unloaded after import = 3

========================================================================
Received Import Request.
  Time since last request: 0.000016 seconds.
  path: Assets/Sprites/LevelSprites/Hospital/TileSheet-Trash-Puddles_51.asset
  artifactKey: Guid(53b29b199da327f4c901f8b9fedf8257) Importer(815301076,1909f56bfc062723c751e8b465ee728b)
Start importing Assets/Sprites/LevelSprites/Hospital/TileSheet-Trash-Puddles_51.asset using Guid(53b29b199da327f4c901f8b9fedf8257) Importer(815301076,1909f56bfc062723c751e8b465ee728b) (PreviewImporter) -> (artifact id: '2ff1c6d2d706fa4a0cab90ff071b8c5b') in 0.0119848 seconds
Number of updated asset objects reloaded before import = 0Number of asset objects unloaded after import = 3

Editor requested this worker to shutdown with reason: Scaling down because of idle timeout
AssetImportWorker is now disconnected from the server
Process exiting
Exiting without the bug reporter. Application will terminate with return code 0