[Licensing::Module] Trying to connect to existing licensing client channel...
Built from '6000.2/staging' branch; Version is '6000.2.2f1 (ea398eefe1c2) revision 15350158'; Using compiler version '194234433'; Build Type 'Release'
[Licensing::IpcConnector] Successfully connected to: "LicenseClient-fer" at "2025-10-13T19:36:03.2246579Z"
OS: 'Windows 11  (10.0.26100) 64bit Core' Language: 'en' Physical Memory: 31848 MB
BatchMode: 1, IsHumanControllingUs: 0, StartBugReporterOnCrash: 0, Is64bit: 1
Date: 2025-10-13T19:36:03Z

COMMAND LINE ARGUMENTS:
C:\Program Files\Unity\Hub\Editor\6000.2.2f1-x86_64\Editor\Unity.exe
-adb2
-batchMode
-noUpm
-name
AssetImportWorker5
-projectPath
C:/Unity projects/MainTopDown
-logFile
Logs/AssetImportWorker5.log
-srvPort
49400
-licensingIpc
LicenseClient-fer
-job-worker-count
11
-background-job-worker-count
8
-gc-helper-count
1
-name
AssetImport
Successfully changed project path to: C:/Unity projects/MainTopDown
C:/Unity projects/MainTopDown
[UnityMemory] Configuration Parameters - Can be set up in boot.config
    "memorysetup-allocator-temp-initial-block-size-main=262144"
    "memorysetup-allocator-temp-initial-block-size-worker=262144"
    "memorysetup-bucket-allocator-granularity=16"
    "memorysetup-bucket-allocator-bucket-count=8"
    "memorysetup-bucket-allocator-block-size=33554432"
    "memorysetup-bucket-allocator-block-count=8"
    "memorysetup-main-allocator-block-size=16777216"
    "memorysetup-thread-allocator-block-size=16777216"
    "memorysetup-gfx-main-allocator-block-size=16777216"
    "memorysetup-gfx-thread-allocator-block-size=16777216"
    "memorysetup-cache-allocator-block-size=4194304"
    "memorysetup-typetree-allocator-block-size=2097152"
    "memorysetup-profiler-bucket-allocator-granularity=16"
    "memorysetup-profiler-bucket-allocator-bucket-count=8"
    "memorysetup-profiler-bucket-allocator-block-size=33554432"
    "memorysetup-profiler-bucket-allocator-block-count=8"
    "memorysetup-profiler-allocator-block-size=16777216"
    "memorysetup-profiler-editor-allocator-block-size=1048576"
    "memorysetup-temp-allocator-size-main=16777216"
    "memorysetup-job-temp-allocator-block-size=2097152"
    "memorysetup-job-temp-allocator-block-size-background=1048576"
    "memorysetup-job-temp-allocator-reduction-small-platforms=262144"
    "memorysetup-temp-allocator-size-background-worker=32768"
    "memorysetup-temp-allocator-size-job-worker=262144"
    "memorysetup-temp-allocator-size-preload-manager=33554432"
    "memorysetup-temp-allocator-size-nav-mesh-worker=65536"
    "memorysetup-temp-allocator-size-audio-worker=65536"
    "memorysetup-temp-allocator-size-cloud-worker=32768"
    "memorysetup-temp-allocator-size-gi-baking-worker=262144"
    "memorysetup-temp-allocator-size-gi-baking-worker=262144"
    "memorysetup-temp-allocator-size-gi-baking-worker=262144"
    "memorysetup-temp-allocator-size-gi-baking-worker=262144"
    "memorysetup-temp-allocator-size-gi-baking-worker=262144"
    "memorysetup-temp-allocator-size-gfx=262144"
Player connection [42612]  Target information:

Player connection [42612]  * "[IP] 10.5.0.2 [Port] 0 [Flags] 2 [Guid] 3003486305 [EditorId] 3003486305 [Version] 1048832 [Id] WindowsEditor(7,DESKTOP-ATOMIC) [Debug] 1 [PackageName] WindowsEditor [ProjectName] Editor" 

Player connection [42612]  * "[IP] 192.168.1.163 [Port] 0 [Flags] 2 [Guid] 3003486305 [EditorId] 3003486305 [Version] 1048832 [Id] WindowsEditor(7,DESKTOP-ATOMIC) [Debug] 1 [PackageName] WindowsEditor [ProjectName] Editor" 

Player connection [42612] Host joined multi-casting on [225.0.0.222:54997]...
Player connection [42612] Host joined alternative multi-casting on [225.0.0.222:34997]...
JobSystem: Creating JobQueue using job-worker-count value 11
Input System module state changed to: Initialized.
[Physics::Module] Initialized fallback backend.
[Physics::Module] Id: 0xdecafbad
[Licensing::Client] Code 10 while verifying Licensing Client signature (process Id: 32040, path: "C:/Program Files/Unity Hub/UnityLicensingClient_V1/Unity.Licensing.Client.exe")
[Licensing::Module] LicensingClient has failed validation; ignoring
[Licensing::Client] Handshaking with LicensingClient:
  Version:                 1.17.3+a4e98f1
  Session Id:              f163e2f232024290925f2acef2a75c73
  Correlation Id:          9a0ae238df18daa538b62238e65ca2e7
  External correlation Id: 268844095326426360
  Machine Id:              24RKWgNJf3IiQsUb+Z9Vbb2BziQ=
[Licensing::Module] Successfully connected to LicensingClient on channel: "LicenseClient-fer" (connect: 0.00s, validation: 0.00s, handshake: 0.03s)
[Licensing::IpcConnector] Successfully connected to: "LicenseClient-fer-notifications" at "2025-10-13T19:36:03.2585085Z"
[Licensing::Module] Licensing Background thread has ended after 0.03s
Library Redirect Path: Library/
[Physics::Module] Selected backend.
[Physics::Module] Name: PhysX
[Physics::Module] Id: 0xf2b8ea05
[Physics::Module] SDK Version: 4.1.2
[Physics::Module] Integration Version: 1.0.0
[Physics::Module] Threading Mode: Multi-Threaded
Refreshing native plugins compatible for Editor in 6.02 ms, found 4 plugins.
Preloading 0 native plugins for Editor in 0.00 ms.
Initialize engine version: 6000.2.2f1 (ea398eefe1c2)
[Subsystems] Discovering subsystems at path C:/Program Files/Unity/Hub/Editor/6000.2.2f1-x86_64/Editor/Data/Resources/UnitySubsystems
[Subsystems] Discovering subsystems at path C:/Unity projects/MainTopDown/Assets
GfxDevice: creating device client; kGfxThreadingModeNonThreaded
d3d12: failed to query info queue interface (0x80004002).
Direct3D:
    Version:         Direct3D 12 [level 12.1]
    Renderer:        NVIDIA GeForce RTX 5070 Ti (ID=0x2c05)
    Vendor:          NVIDIA
    VRAM:            15907 MB
    App VRAM Budget: 15139 MB
    Driver:          32.0.15.8129
Initialize mono
Mono path[0] = 'C:/Program Files/Unity/Hub/Editor/6000.2.2f1-x86_64/Editor/Data/Managed'
Mono path[1] = 'C:/Program Files/Unity/Hub/Editor/6000.2.2f1-x86_64/Editor/Data/MonoBleedingEdge/lib/mono/unityjit-win32'
Mono config path = 'C:/Program Files/Unity/Hub/Editor/6000.2.2f1-x86_64/Editor/Data/MonoBleedingEdge/etc'
Using monoOptions --debugger-agent=transport=dt_socket,embedding=1,server=y,suspend=n,address=127.0.0.1:56032
Begin MonoManager ReloadAssembly
Registering precompiled unity dll's ...
Register platform support module: C:/Program Files/Unity/Hub/Editor/6000.2.2f1-x86_64/Editor/Data/PlaybackEngines/WindowsStandaloneSupport/UnityEditor.WindowsStandalone.Extensions.dll
Registered in 0.005020 seconds.
- Loaded All Assemblies, in  0.465 seconds
Native extension for WindowsStandalone target not found
Mono: successfully reloaded assembly
- Finished resetting the current domain, in  0.201 seconds
Domain Reload Profiling: 643ms
	BeginReloadAssembly (235ms)
		ExecutionOrderSort (0ms)
		DisableScriptedObjects (0ms)
		BackupInstance (0ms)
		ReleaseScriptingObjects (0ms)
		CreateAndSetChildDomain (0ms)
	RebuildCommonClasses (27ms)
	RebuildNativeTypeToScriptingClass (8ms)
	initialDomainReloadingComplete (63ms)
	LoadAllAssembliesAndSetupDomain (109ms)
		LoadAssemblies (213ms)
		RebuildTransferFunctionScriptingTraits (0ms)
		AnalyzeDomain (106ms)
			TypeCache.Refresh (105ms)
				TypeCache.ScanAssembly (97ms)
			BuildScriptInfoCaches (0ms)
			ResolveRequiredComponents (0ms)
	FinalizeReload (201ms)
		ReleaseScriptCaches (0ms)
		RebuildScriptCaches (0ms)
		SetupLoadedEditorAssemblies (175ms)
			LogAssemblyErrors (0ms)
			InitializePlatformSupportModulesInManaged (34ms)
			SetLoadedEditorAssemblies (2ms)
			BeforeProcessingInitializeOnLoad (36ms)
			ProcessInitializeOnLoadAttributes (73ms)
			ProcessInitializeOnLoadMethodAttributes (30ms)
			AfterProcessingInitializeOnLoad (0ms)
			EditorAssembliesLoaded (0ms)
		ExecutionOrderSort2 (0ms)
		AwakeInstancesAfterBackupRestoration (0ms)
Assembly reference Packages/com.unity.cinemachine/Editor/Samples/ExposeHDRPInternals/HDRP-Editor-ref.asmref has no target assembly definition
========================================================================
Worker process is ready to serve import requests
Import Worker Mode flag is 0x00
Assembly reference Packages/com.unity.cinemachine/Editor/Samples/ExposeHDRPInternals/HDRP-Editor-ref.asmref has no target assembly definition
Assembly reference Packages/com.unity.cinemachine/Editor/Samples/ExposeHDRPInternals/HDRP-Editor-ref.asmref has no target assembly definition
Begin MonoManager ReloadAssembly
[Licensing::Client] Successfully resolved entitlement details
[Licensing::Module] License group:
  Id: 1375853287491-UnityPersXXXX
  Product: Unity Personal
  Type: Assigned
  Expiration: Unlimited
- Loaded All Assemblies, in  0.850 seconds
Assembly reference Packages/com.unity.cinemachine/Editor/Samples/ExposeHDRPInternals/HDRP-Editor-ref.asmref has no target assembly definition
'Packages/com.unity.cinemachine/Editor/Obsolete/CinemachineVirtualCameraBaseEditor.cs' contains partial class of Unity.Object, exactly 1 of the partial classes needs to be in a file with the same filename. This is to know the one that can be referenced from ie. GameObjects
'Packages/com.unity.cinemachine/Editor/Editors/CinemachineVirtualCameraBaseEditor.cs' contains partial class of Unity.Object, exactly 1 of the partial classes needs to be in a file with the same filename. This is to know the one that can be referenced from ie. GameObjects
Refreshing native plugins compatible for Editor in 3.20 ms, found 4 plugins.
Native extension for WindowsStandalone target not found
Assembly reference Packages/com.unity.cinemachine/Editor/Samples/ExposeHDRPInternals/HDRP-Editor-ref.asmref has no target assembly definition
Package Manager log level set to [2]
[Package Manager] Failed to launch server process. Reason: Unity was launched with the -noUpm command-line argument
[Package Manager] Unable to send message (not connected to server process).
[Package Manager] Cannot connect to Unity Package Manager local server
[Package Manager] Failed to launch server process. Reason: Unity was launched with the -noUpm command-line argument
[Package Manager] Unable to send message (not connected to server process).
[Package Manager] Cannot connect to Unity Package Manager local server
Mono: successfully reloaded assembly
- Finished resetting the current domain, in  0.556 seconds
Domain Reload Profiling: 1383ms
	BeginReloadAssembly (204ms)
		ExecutionOrderSort (0ms)
		DisableScriptedObjects (3ms)
		BackupInstance (0ms)
		ReleaseScriptingObjects (0ms)
		CreateAndSetChildDomain (24ms)
	RebuildCommonClasses (25ms)
	RebuildNativeTypeToScriptingClass (7ms)
	initialDomainReloadingComplete (44ms)
	LoadAllAssembliesAndSetupDomain (546ms)
		LoadAssemblies (503ms)
		RebuildTransferFunctionScriptingTraits (0ms)
		AnalyzeDomain (179ms)
			TypeCache.Refresh (137ms)
				TypeCache.ScanAssembly (127ms)
			BuildScriptInfoCaches (32ms)
			ResolveRequiredComponents (7ms)
	FinalizeReload (556ms)
		ReleaseScriptCaches (0ms)
		RebuildScriptCaches (0ms)
		SetupLoadedEditorAssemblies (465ms)
			LogAssemblyErrors (0ms)
			InitializePlatformSupportModulesInManaged (1ms)
			SetLoadedEditorAssemblies (4ms)
			BeforeProcessingInitializeOnLoad (139ms)
			ProcessInitializeOnLoadAttributes (233ms)
			ProcessInitializeOnLoadMethodAttributes (71ms)
			AfterProcessingInitializeOnLoad (18ms)
			EditorAssembliesLoaded (0ms)
		ExecutionOrderSort2 (0ms)
		AwakeInstancesAfterBackupRestoration (4ms)
Launched and connected shader compiler UnityShaderCompiler.exe after 0.01 seconds
Refreshing native plugins compatible for Editor in 3.56 ms, found 4 plugins.
Preloading 0 native plugins for Editor in 0.00 ms.
Unloading 38 Unused Serialized files (Serialized files now loaded: 0)
Unloading 7171 unused Assets / (6.7 MB). Loaded Objects now: 7854.
Memory consumption went from 153.8 MB to 147.1 MB.
Total: 6.067900 ms (FindLiveObjects: 0.593400 ms CreateObjectMapping: 0.249300 ms MarkObjects: 3.069000 ms  DeleteObjects: 2.155400 ms)

========================================================================
Received Import Request.
  Time since last request: 1780316.414939 seconds.
  path: Assets/tile palettes/TileSheet-BathroomWall_10 1.asset
  artifactKey: Guid(ce9a9681d6613fb43a6dddc7dd6b2958) Importer(815301076,1909f56bfc062723c751e8b465ee728b)
Start importing Assets/tile palettes/TileSheet-BathroomWall_10 1.asset using Guid(ce9a9681d6613fb43a6dddc7dd6b2958) Importer(815301076,1909f56bfc062723c751e8b465ee728b) (PreviewImporter) -> (artifact id: 'e16f1b22b6d0b92dcec02e141fb90ca2') in 0.032962 seconds
Number of updated asset objects reloaded before import = 0Number of asset objects unloaded after import = 1

========================================================================
Received Import Request.
  Time since last request: 0.000016 seconds.
  path: Assets/tile palettes/TileSheet-BathroomWall_12.asset
  artifactKey: Guid(faf0ff3c49025294fbd98f95a98cafb7) Importer(815301076,1909f56bfc062723c751e8b465ee728b)
Start importing Assets/tile palettes/TileSheet-BathroomWall_12.asset using Guid(faf0ff3c49025294fbd98f95a98cafb7) Importer(815301076,1909f56bfc062723c751e8b465ee728b) (PreviewImporter) -> (artifact id: 'e69fe0400273e02b1b8fb1ec013783e2') in 0.0022382 seconds
Number of updated asset objects reloaded before import = 0Number of asset objects unloaded after import = 1

========================================================================
Received Import Request.
  Time since last request: 0.000015 seconds.
  path: Assets/tile palettes/TileSheet-BathroomWall_11 2.asset
  artifactKey: Guid(d3167caa77c724846915e80f294facb2) Importer(815301076,1909f56bfc062723c751e8b465ee728b)
Start importing Assets/tile palettes/TileSheet-BathroomWall_11 2.asset using Guid(d3167caa77c724846915e80f294facb2) Importer(815301076,1909f56bfc062723c751e8b465ee728b) (PreviewImporter) -> (artifact id: '3bb35a1aa5e940c99a54112b5eeb512a') in 0.0022348 seconds
Number of updated asset objects reloaded before import = 0Number of asset objects unloaded after import = 1

========================================================================
Received Import Request.
  Time since last request: 0.000022 seconds.
  path: Assets/tile palettes/TileSheet-BathroomWall_13 2.asset
  artifactKey: Guid(5de7d59903bb2124f8c9a6efe7fc0a27) Importer(815301076,1909f56bfc062723c751e8b465ee728b)
Start importing Assets/tile palettes/TileSheet-BathroomWall_13 2.asset using Guid(5de7d59903bb2124f8c9a6efe7fc0a27) Importer(815301076,1909f56bfc062723c751e8b465ee728b) (PreviewImporter) -> (artifact id: '26f76a1ecb96f393da20ad4126194eaa') in 0.0019422 seconds
Number of updated asset objects reloaded before import = 0Number of asset objects unloaded after import = 1

========================================================================
Received Import Request.
  Time since last request: 0.000013 seconds.
  path: Assets/tile palettes/TileSheet-BathroomWall_13.asset
  artifactKey: Guid(26dad7cb98b0c4b4696b382895f55bf2) Importer(815301076,1909f56bfc062723c751e8b465ee728b)
Start importing Assets/tile palettes/TileSheet-BathroomWall_13.asset using Guid(26dad7cb98b0c4b4696b382895f55bf2) Importer(815301076,1909f56bfc062723c751e8b465ee728b) (PreviewImporter) -> (artifact id: '04f2fad76148d4aabf8c221191a5acab') in 0.0019241 seconds
Number of updated asset objects reloaded before import = 0Number of asset objects unloaded after import = 1

========================================================================
Received Import Request.
  Time since last request: 0.000014 seconds.
  path: Assets/tile palettes/TileSheet-BathroomWall_14.asset
  artifactKey: Guid(c8f87440e2a08844bb39e6c0cb133061) Importer(815301076,1909f56bfc062723c751e8b465ee728b)
Start importing Assets/tile palettes/TileSheet-BathroomWall_14.asset using Guid(c8f87440e2a08844bb39e6c0cb133061) Importer(815301076,1909f56bfc062723c751e8b465ee728b) (PreviewImporter) -> (artifact id: 'c7b734476a4aebc150627d9e22a4e1a2') in 0.0020912 seconds
Number of updated asset objects reloaded before import = 0Number of asset objects unloaded after import = 1

========================================================================
Received Import Request.
  Time since last request: 0.000015 seconds.
  path: Assets/tile palettes/TileSheet-BathroomWall_11 1.asset
  artifactKey: Guid(3f2ff7820e4aa0d4e83379ab56b35b11) Importer(815301076,1909f56bfc062723c751e8b465ee728b)
Start importing Assets/tile palettes/TileSheet-BathroomWall_11 1.asset using Guid(3f2ff7820e4aa0d4e83379ab56b35b11) Importer(815301076,1909f56bfc062723c751e8b465ee728b) (PreviewImporter) -> (artifact id: 'cd0ec9646a9ec1565ea9c3f3075871d8') in 0.0018399 seconds
Number of updated asset objects reloaded before import = 0Number of asset objects unloaded after import = 1

========================================================================
Received Import Request.
  Time since last request: 0.000022 seconds.
  path: Assets/tile palettes/TileSheet-Baths_0.asset
  artifactKey: Guid(e0552545e5c11444c8bb4554e4f8bef2) Importer(815301076,1909f56bfc062723c751e8b465ee728b)
Start importing Assets/tile palettes/TileSheet-Baths_0.asset using Guid(e0552545e5c11444c8bb4554e4f8bef2) Importer(815301076,1909f56bfc062723c751e8b465ee728b) (PreviewImporter) -> (artifact id: 'afecfe78ee7e125009b7d0049b5a90df') in 0.0037219 seconds
Number of updated asset objects reloaded before import = 0Number of asset objects unloaded after import = 1

========================================================================
Received Import Request.
  Time since last request: 0.075318 seconds.
  path: Assets/tile palettes/TileSheet-Baths_2.asset
  artifactKey: Guid(ac5d7917587cc8847a52e5e7c9d775bb) Importer(815301076,1909f56bfc062723c751e8b465ee728b)
Start importing Assets/tile palettes/TileSheet-Baths_2.asset using Guid(ac5d7917587cc8847a52e5e7c9d775bb) Importer(815301076,1909f56bfc062723c751e8b465ee728b) (PreviewImporter) -> (artifact id: 'f07fd9614a72ebc98c9272dfba005fe3') in 0.002239 seconds
Number of updated asset objects reloaded before import = 0Number of asset objects unloaded after import = 1

========================================================================
Received Import Request.
  Time since last request: 0.000012 seconds.
  path: Assets/tile palettes/TileSheet-Baths_5.asset
  artifactKey: Guid(b799245fd76dde7468007422a7509189) Importer(815301076,1909f56bfc062723c751e8b465ee728b)
Start importing Assets/tile palettes/TileSheet-Baths_5.asset using Guid(b799245fd76dde7468007422a7509189) Importer(815301076,1909f56bfc062723c751e8b465ee728b) (PreviewImporter) -> (artifact id: '8b840fcbf708ea92044d36b79deedcc4') in 0.0021527 seconds
Number of updated asset objects reloaded before import = 0Number of asset objects unloaded after import = 1

========================================================================
Received Import Request.
  Time since last request: 0.000021 seconds.
  path: Assets/tile palettes/TileSheet-Baths_8.asset
  artifactKey: Guid(2f32e329d9477944e80dbd714cca91f9) Importer(815301076,1909f56bfc062723c751e8b465ee728b)
Start importing Assets/tile palettes/TileSheet-Baths_8.asset using Guid(2f32e329d9477944e80dbd714cca91f9) Importer(815301076,1909f56bfc062723c751e8b465ee728b) (PreviewImporter) -> (artifact id: '6125358057c0075dda445ee73e1fc936') in 0.0021802 seconds
Number of updated asset objects reloaded before import = 0Number of asset objects unloaded after import = 1

========================================================================
Received Import Request.
  Time since last request: 0.000026 seconds.
  path: Assets/tile palettes/TileSheet-Baths_10.asset
  artifactKey: Guid(8fe541ce828129749a5b3b1a08c4fd93) Importer(815301076,1909f56bfc062723c751e8b465ee728b)
Start importing Assets/tile palettes/TileSheet-Baths_10.asset using Guid(8fe541ce828129749a5b3b1a08c4fd93) Importer(815301076,1909f56bfc062723c751e8b465ee728b) (PreviewImporter) -> (artifact id: 'bb977e9d3201ad07523cd8d7ef6007d8') in 0.0019023 seconds
Number of updated asset objects reloaded before import = 0Number of asset objects unloaded after import = 1

========================================================================
Received Import Request.
  Time since last request: 0.000016 seconds.
  path: Assets/tile palettes/TileSheet-Baths_13.asset
  artifactKey: Guid(663c0195057ad4542b304e62547a1956) Importer(815301076,1909f56bfc062723c751e8b465ee728b)
Start importing Assets/tile palettes/TileSheet-Baths_13.asset using Guid(663c0195057ad4542b304e62547a1956) Importer(815301076,1909f56bfc062723c751e8b465ee728b) (PreviewImporter) -> (artifact id: '583e17cc49e217cc39b902d2f9e23f2c') in 0.0023366 seconds
Number of updated asset objects reloaded before import = 0Number of asset objects unloaded after import = 1

========================================================================
Received Import Request.
  Time since last request: 0.000015 seconds.
  path: Assets/tile palettes/TileSheet-Baths_14.asset
  artifactKey: Guid(48f8414cb5122314ead39a80781e3ea6) Importer(815301076,1909f56bfc062723c751e8b465ee728b)
Start importing Assets/tile palettes/TileSheet-Baths_14.asset using Guid(48f8414cb5122314ead39a80781e3ea6) Importer(815301076,1909f56bfc062723c751e8b465ee728b) (PreviewImporter) -> (artifact id: '62ae7dacde2b7d81e9997228215bba80') in 0.0024799 seconds
Number of updated asset objects reloaded before import = 0Number of asset objects unloaded after import = 1

========================================================================
Received Import Request.
  Time since last request: 0.000018 seconds.
  path: Assets/tile palettes/TileSheet-Elevators_1.asset
  artifactKey: Guid(882865b7564062943aec00e0ad14eac4) Importer(815301076,1909f56bfc062723c751e8b465ee728b)
Start importing Assets/tile palettes/TileSheet-Elevators_1.asset using Guid(882865b7564062943aec00e0ad14eac4) Importer(815301076,1909f56bfc062723c751e8b465ee728b) (PreviewImporter) -> (artifact id: '6a5deb2992bddfea26da90e381ba6fe2') in 0.0026251 seconds
Number of updated asset objects reloaded before import = 0Number of asset objects unloaded after import = 1

========================================================================
Received Import Request.
  Time since last request: 0.000029 seconds.
  path: Assets/tile palettes/TileSheet-Baths_9.asset
  artifactKey: Guid(7658dff29e65c544ba4f7c77a51f17e4) Importer(815301076,1909f56bfc062723c751e8b465ee728b)
Start importing Assets/tile palettes/TileSheet-Baths_9.asset using Guid(7658dff29e65c544ba4f7c77a51f17e4) Importer(815301076,1909f56bfc062723c751e8b465ee728b) (PreviewImporter) -> (artifact id: '5eb9a50d3798ccdce6f8101c4d47b012') in 0.0028772 seconds
Number of updated asset objects reloaded before import = 0Number of asset objects unloaded after import = 1

========================================================================
Received Import Request.
  Time since last request: 2.396430 seconds.
  path: Assets/tile palettes/TileSheet-Elevators_3.asset
  artifactKey: Guid(389f1c3db2ebd464ebd6fb9b4648544b) Importer(815301076,1909f56bfc062723c751e8b465ee728b)
Start importing Assets/tile palettes/TileSheet-Elevators_3.asset using Guid(389f1c3db2ebd464ebd6fb9b4648544b) Importer(815301076,1909f56bfc062723c751e8b465ee728b) (PreviewImporter) -> (artifact id: 'de954fd23fc55a85997f63477e519265') in 0.0024987 seconds
Number of updated asset objects reloaded before import = 0Number of asset objects unloaded after import = 1

========================================================================
Received Import Request.
  Time since last request: 0.000013 seconds.
  path: Assets/tile palettes/TileSheet-Elevators_6.asset
  artifactKey: Guid(e3224859b33f109448c5820ced94398d) Importer(815301076,1909f56bfc062723c751e8b465ee728b)
Start importing Assets/tile palettes/TileSheet-Elevators_6.asset using Guid(e3224859b33f109448c5820ced94398d) Importer(815301076,1909f56bfc062723c751e8b465ee728b) (PreviewImporter) -> (artifact id: '77b81f14c738bbff4a5a3455360cf988') in 0.0020844 seconds
Number of updated asset objects reloaded before import = 0Number of asset objects unloaded after import = 1

========================================================================
Received Import Request.
  Time since last request: 0.000013 seconds.
  path: Assets/tile palettes/TileSheet-Elevators_5.asset
  artifactKey: Guid(1b7d112bbcd2f904aabf3cb564e30da9) Importer(815301076,1909f56bfc062723c751e8b465ee728b)
Start importing Assets/tile palettes/TileSheet-Elevators_5.asset using Guid(1b7d112bbcd2f904aabf3cb564e30da9) Importer(815301076,1909f56bfc062723c751e8b465ee728b) (PreviewImporter) -> (artifact id: '4a8ad137d1192ccfcf39939a290de0e4') in 0.0021677 seconds
Number of updated asset objects reloaded before import = 0Number of asset objects unloaded after import = 1

========================================================================
Received Import Request.
  Time since last request: 0.000016 seconds.
  path: Assets/tile palettes/TileSheet-Elevators_8.asset
  artifactKey: Guid(afc819477784a4a4eacb0ece08432055) Importer(815301076,1909f56bfc062723c751e8b465ee728b)
Start importing Assets/tile palettes/TileSheet-Elevators_8.asset using Guid(afc819477784a4a4eacb0ece08432055) Importer(815301076,1909f56bfc062723c751e8b465ee728b) (PreviewImporter) -> (artifact id: 'e40e63b26265256e938a3d208012777b') in 0.0032643 seconds
Number of updated asset objects reloaded before import = 0Number of asset objects unloaded after import = 1

========================================================================
Received Import Request.
  Time since last request: 0.000028 seconds.
  path: Assets/tile palettes/TileSheet-Elevators_10.asset
  artifactKey: Guid(b837a45a890c5ee419d5f28d84884727) Importer(815301076,1909f56bfc062723c751e8b465ee728b)
Start importing Assets/tile palettes/TileSheet-Elevators_10.asset using Guid(b837a45a890c5ee419d5f28d84884727) Importer(815301076,1909f56bfc062723c751e8b465ee728b) (PreviewImporter) -> (artifact id: 'ef05d03c95a9be0a15ab0046462e98f7') in 0.002325 seconds
Number of updated asset objects reloaded before import = 0Number of asset objects unloaded after import = 1

========================================================================
Received Import Request.
  Time since last request: 0.000012 seconds.
  path: Assets/tile palettes/TileSheet-Elevators_7.asset
  artifactKey: Guid(89b6ed829e87b434a9c611f25d0177b1) Importer(815301076,1909f56bfc062723c751e8b465ee728b)
Start importing Assets/tile palettes/TileSheet-Elevators_7.asset using Guid(89b6ed829e87b434a9c611f25d0177b1) Importer(815301076,1909f56bfc062723c751e8b465ee728b) (PreviewImporter) -> (artifact id: '5f7e20bc9ef9a062cf53de5c2b6b0bcc') in 0.0024588 seconds
Number of updated asset objects reloaded before import = 0Number of asset objects unloaded after import = 1

