[Licensing::Module] Trying to connect to existing licensing client channel...
Built from '6000.2/staging' branch; Version is '6000.2.2f1 (ea398eefe1c2) revision 15350158'; Using compiler version '194234433'; Build Type 'Release'
[Licensing::IpcConnector] Successfully connected to: "LicenseClient-fer" at "2025-10-13T20:11:47.8599911Z"
OS: 'Windows 11  (10.0.26100) 64bit Core' Language: 'en' Physical Memory: 31848 MB
BatchMode: 1, IsHumanControllingUs: 0, StartBugReporterOnCrash: 0, Is64bit: 1
Date: 2025-10-13T20:11:47Z

COMMAND LINE ARGUMENTS:
C:\Program Files\Unity\Hub\Editor\6000.2.2f1-x86_64\Editor\Unity.exe
-adb2
-batchMode
-noUpm
-name
AssetImportWorker0
-projectPath
C:/Unity projects/MainTopDown
-logFile
Logs/AssetImportWorker0.log
-srvPort
52739
-licensingIpc
LicenseClient-fer
-job-worker-count
11
-background-job-worker-count
8
-gc-helper-count
1
-name
AssetImport
Successfully changed project path to: C:/Unity projects/MainTopDown
C:/Unity projects/MainTopDown
[UnityMemory] Configuration Parameters - Can be set up in boot.config
    "memorysetup-allocator-temp-initial-block-size-main=262144"
    "memorysetup-allocator-temp-initial-block-size-worker=262144"
    "memorysetup-bucket-allocator-granularity=16"
    "memorysetup-bucket-allocator-bucket-count=8"
    "memorysetup-bucket-allocator-block-size=33554432"
    "memorysetup-bucket-allocator-block-count=8"
    "memorysetup-main-allocator-block-size=16777216"
    "memorysetup-thread-allocator-block-size=16777216"
    "memorysetup-gfx-main-allocator-block-size=16777216"
    "memorysetup-gfx-thread-allocator-block-size=16777216"
    "memorysetup-cache-allocator-block-size=4194304"
    "memorysetup-typetree-allocator-block-size=2097152"
    "memorysetup-profiler-bucket-allocator-granularity=16"
    "memorysetup-profiler-bucket-allocator-bucket-count=8"
    "memorysetup-profiler-bucket-allocator-block-size=33554432"
    "memorysetup-profiler-bucket-allocator-block-count=8"
    "memorysetup-profiler-allocator-block-size=16777216"
    "memorysetup-profiler-editor-allocator-block-size=1048576"
    "memorysetup-temp-allocator-size-main=16777216"
    "memorysetup-job-temp-allocator-block-size=2097152"
    "memorysetup-job-temp-allocator-block-size-background=1048576"
    "memorysetup-job-temp-allocator-reduction-small-platforms=262144"
    "memorysetup-temp-allocator-size-background-worker=32768"
    "memorysetup-temp-allocator-size-job-worker=262144"
    "memorysetup-temp-allocator-size-preload-manager=33554432"
    "memorysetup-temp-allocator-size-nav-mesh-worker=65536"
    "memorysetup-temp-allocator-size-audio-worker=65536"
    "memorysetup-temp-allocator-size-cloud-worker=32768"
    "memorysetup-temp-allocator-size-gi-baking-worker=262144"
    "memorysetup-temp-allocator-size-gi-baking-worker=262144"
    "memorysetup-temp-allocator-size-gi-baking-worker=262144"
    "memorysetup-temp-allocator-size-gi-baking-worker=262144"
    "memorysetup-temp-allocator-size-gi-baking-worker=262144"
    "memorysetup-temp-allocator-size-gfx=262144"
Player connection [33784]  Target information:

Player connection [33784]  * "[IP] 10.5.0.2 [Port] 0 [Flags] 2 [Guid] 4210624834 [EditorId] 4210624834 [Version] 1048832 [Id] WindowsEditor(7,DESKTOP-ATOMIC) [Debug] 1 [PackageName] WindowsEditor [ProjectName] Editor" 

Player connection [33784]  * "[IP] 192.168.1.163 [Port] 0 [Flags] 2 [Guid] 4210624834 [EditorId] 4210624834 [Version] 1048832 [Id] WindowsEditor(7,DESKTOP-ATOMIC) [Debug] 1 [PackageName] WindowsEditor [ProjectName] Editor" 

Player connection [33784] Host joined multi-casting on [225.0.0.222:54997]...
Player connection [33784] Host joined alternative multi-casting on [225.0.0.222:34997]...
JobSystem: Creating JobQueue using job-worker-count value 11
Input System module state changed to: Initialized.
[Physics::Module] Initialized fallback backend.
[Physics::Module] Id: 0xdecafbad
[Licensing::Client] Code 10 while verifying Licensing Client signature (process Id: 32040, path: "C:/Program Files/Unity Hub/UnityLicensingClient_V1/Unity.Licensing.Client.exe")
[Licensing::Module] LicensingClient has failed validation; ignoring
[Licensing::Client] Handshaking with LicensingClient:
  Version:                 1.17.3+a4e98f1
  Session Id:              dd4b4315e5624bdaa52684e1e6639883
  Correlation Id:          9a0ae238df18daa538b62238e65ca2e7
  External correlation Id: 3340300543791384023
  Machine Id:              24RKWgNJf3IiQsUb+Z9Vbb2BziQ=
[Licensing::Module] Successfully connected to LicensingClient on channel: "LicenseClient-fer" (connect: 0.00s, validation: 0.00s, handshake: 0.03s)
[Licensing::IpcConnector] Successfully connected to: "LicenseClient-fer-notifications" at "2025-10-13T20:11:47.8883159Z"
[Licensing::Module] Licensing Background thread has ended after 0.03s
Library Redirect Path: Library/
[Physics::Module] Selected backend.
[Physics::Module] Name: PhysX
[Physics::Module] Id: 0xf2b8ea05
[Physics::Module] SDK Version: 4.1.2
[Physics::Module] Integration Version: 1.0.0
[Physics::Module] Threading Mode: Multi-Threaded
Refreshing native plugins compatible for Editor in 4.76 ms, found 4 plugins.
Preloading 0 native plugins for Editor in 0.00 ms.
Initialize engine version: 6000.2.2f1 (ea398eefe1c2)
[Subsystems] Discovering subsystems at path C:/Program Files/Unity/Hub/Editor/6000.2.2f1-x86_64/Editor/Data/Resources/UnitySubsystems
[Subsystems] Discovering subsystems at path C:/Unity projects/MainTopDown/Assets
GfxDevice: creating device client; kGfxThreadingModeNonThreaded
d3d12: failed to query info queue interface (0x80004002).
Direct3D:
    Version:         Direct3D 12 [level 12.1]
    Renderer:        NVIDIA GeForce RTX 5070 Ti (ID=0x2c05)
    Vendor:          NVIDIA
    VRAM:            15907 MB
    App VRAM Budget: 15139 MB
    Driver:          32.0.15.8129
Initialize mono
Mono path[0] = 'C:/Program Files/Unity/Hub/Editor/6000.2.2f1-x86_64/Editor/Data/Managed'
Mono path[1] = 'C:/Program Files/Unity/Hub/Editor/6000.2.2f1-x86_64/Editor/Data/MonoBleedingEdge/lib/mono/unityjit-win32'
Mono config path = 'C:/Program Files/Unity/Hub/Editor/6000.2.2f1-x86_64/Editor/Data/MonoBleedingEdge/etc'
Using monoOptions --debugger-agent=transport=dt_socket,embedding=1,server=y,suspend=n,address=127.0.0.1:56840
Begin MonoManager ReloadAssembly
Registering precompiled unity dll's ...
Register platform support module: C:/Program Files/Unity/Hub/Editor/6000.2.2f1-x86_64/Editor/Data/PlaybackEngines/WindowsStandaloneSupport/UnityEditor.WindowsStandalone.Extensions.dll
Registered in 0.003613 seconds.
- Loaded All Assemblies, in  0.340 seconds
Native extension for WindowsStandalone target not found
Mono: successfully reloaded assembly
- Finished resetting the current domain, in  0.210 seconds
Domain Reload Profiling: 538ms
	BeginReloadAssembly (138ms)
		ExecutionOrderSort (0ms)
		DisableScriptedObjects (0ms)
		BackupInstance (0ms)
		ReleaseScriptingObjects (0ms)
		CreateAndSetChildDomain (1ms)
	RebuildCommonClasses (26ms)
	RebuildNativeTypeToScriptingClass (7ms)
	initialDomainReloadingComplete (48ms)
	LoadAllAssembliesAndSetupDomain (108ms)
		LoadAssemblies (126ms)
		RebuildTransferFunctionScriptingTraits (0ms)
		AnalyzeDomain (106ms)
			TypeCache.Refresh (104ms)
				TypeCache.ScanAssembly (95ms)
			BuildScriptInfoCaches (0ms)
			ResolveRequiredComponents (0ms)
	FinalizeReload (211ms)
		ReleaseScriptCaches (0ms)
		RebuildScriptCaches (0ms)
		SetupLoadedEditorAssemblies (183ms)
			LogAssemblyErrors (0ms)
			InitializePlatformSupportModulesInManaged (33ms)
			SetLoadedEditorAssemblies (2ms)
			BeforeProcessingInitializeOnLoad (37ms)
			ProcessInitializeOnLoadAttributes (79ms)
			ProcessInitializeOnLoadMethodAttributes (31ms)
			AfterProcessingInitializeOnLoad (0ms)
			EditorAssembliesLoaded (0ms)
		ExecutionOrderSort2 (0ms)
		AwakeInstancesAfterBackupRestoration (0ms)
Assembly reference Packages/com.unity.cinemachine/Editor/Samples/ExposeHDRPInternals/HDRP-Editor-ref.asmref has no target assembly definition
========================================================================
Worker process is ready to serve import requests
Import Worker Mode flag is 0x00
Assembly reference Packages/com.unity.cinemachine/Editor/Samples/ExposeHDRPInternals/HDRP-Editor-ref.asmref has no target assembly definition
Assembly reference Packages/com.unity.cinemachine/Editor/Samples/ExposeHDRPInternals/HDRP-Editor-ref.asmref has no target assembly definition
Begin MonoManager ReloadAssembly
[Licensing::Client] Successfully resolved entitlement details
[Licensing::Module] License group:
  Id: 1375853287491-UnityPersXXXX
  Product: Unity Personal
  Type: Assigned
  Expiration: Unlimited
- Loaded All Assemblies, in  0.821 seconds
Assembly reference Packages/com.unity.cinemachine/Editor/Samples/ExposeHDRPInternals/HDRP-Editor-ref.asmref has no target assembly definition
'Packages/com.unity.cinemachine/Editor/Obsolete/CinemachineVirtualCameraBaseEditor.cs' contains partial class of Unity.Object, exactly 1 of the partial classes needs to be in a file with the same filename. This is to know the one that can be referenced from ie. GameObjects
'Packages/com.unity.cinemachine/Editor/Editors/CinemachineVirtualCameraBaseEditor.cs' contains partial class of Unity.Object, exactly 1 of the partial classes needs to be in a file with the same filename. This is to know the one that can be referenced from ie. GameObjects
Refreshing native plugins compatible for Editor in 2.99 ms, found 4 plugins.
Native extension for WindowsStandalone target not found
Assembly reference Packages/com.unity.cinemachine/Editor/Samples/ExposeHDRPInternals/HDRP-Editor-ref.asmref has no target assembly definition
Package Manager log level set to [2]
[Package Manager] Failed to launch server process. Reason: Unity was launched with the -noUpm command-line argument
[Package Manager] Unable to send message (not connected to server process).
[Package Manager] Cannot connect to Unity Package Manager local server
[Package Manager] Failed to launch server process. Reason: Unity was launched with the -noUpm command-line argument
[Package Manager] Unable to send message (not connected to server process).
[Package Manager] Cannot connect to Unity Package Manager local server
Mono: successfully reloaded assembly
- Finished resetting the current domain, in  0.571 seconds
Domain Reload Profiling: 1369ms
	BeginReloadAssembly (178ms)
		ExecutionOrderSort (0ms)
		DisableScriptedObjects (4ms)
		BackupInstance (0ms)
		ReleaseScriptingObjects (0ms)
		CreateAndSetChildDomain (25ms)
	RebuildCommonClasses (25ms)
	RebuildNativeTypeToScriptingClass (8ms)
	initialDomainReloadingComplete (44ms)
	LoadAllAssembliesAndSetupDomain (543ms)
		LoadAssemblies (472ms)
		RebuildTransferFunctionScriptingTraits (0ms)
		AnalyzeDomain (180ms)
			TypeCache.Refresh (135ms)
				TypeCache.ScanAssembly (124ms)
			BuildScriptInfoCaches (35ms)
			ResolveRequiredComponents (7ms)
	FinalizeReload (571ms)
		ReleaseScriptCaches (0ms)
		RebuildScriptCaches (0ms)
		SetupLoadedEditorAssemblies (481ms)
			LogAssemblyErrors (0ms)
			InitializePlatformSupportModulesInManaged (1ms)
			SetLoadedEditorAssemblies (4ms)
			BeforeProcessingInitializeOnLoad (150ms)
			ProcessInitializeOnLoadAttributes (239ms)
			ProcessInitializeOnLoadMethodAttributes (70ms)
			AfterProcessingInitializeOnLoad (17ms)
			EditorAssembliesLoaded (0ms)
		ExecutionOrderSort2 (0ms)
		AwakeInstancesAfterBackupRestoration (4ms)
Launched and connected shader compiler UnityShaderCompiler.exe after 0.01 seconds
Refreshing native plugins compatible for Editor in 2.34 ms, found 4 plugins.
Preloading 0 native plugins for Editor in 0.00 ms.
Unloading 38 Unused Serialized files (Serialized files now loaded: 0)
Unloading 7171 unused Assets / (6.6 MB). Loaded Objects now: 7854.
Memory consumption went from 154.0 MB to 147.4 MB.
Total: 6.749900 ms (FindLiveObjects: 0.595600 ms CreateObjectMapping: 0.225400 ms MarkObjects: 3.199200 ms  DeleteObjects: 2.728600 ms)

========================================================================
Received Import Request.
  Time since last request: 1781839.418888 seconds.
  path: Assets/Sounds/slashhit.ogg
  artifactKey: Guid(d75363e7a563ca54484ab74ae58e5172) Importer(815301076,1909f56bfc062723c751e8b465ee728b)
Start importing Assets/Sounds/slashhit.ogg using Guid(d75363e7a563ca54484ab74ae58e5172) Importer(815301076,1909f56bfc062723c751e8b465ee728b) (PreviewImporter) -> (artifact id: '7fd4020741f6e81b55bcf5c74760e285') in 0.0892535 seconds
Number of updated asset objects reloaded before import = 0Number of asset objects unloaded after import = 2

========================================================================
Received Import Request.
  Time since last request: 0.000013 seconds.
  path: Assets/Sounds
  artifactKey: Guid(9b168cf67488e9a44930f87b5eff7581) Importer(815301076,1909f56bfc062723c751e8b465ee728b)
Start importing Assets/Sounds using Guid(9b168cf67488e9a44930f87b5eff7581) Importer(815301076,1909f56bfc062723c751e8b465ee728b) (PreviewImporter) -> (artifact id: '6b6718ab1245af02af6fda4e76bf623e') in 0.0004791 seconds
Number of updated asset objects reloaded before import = 0Number of asset objects unloaded after import = 0

========================================================================
Received Import Request.
  Time since last request: 32.738014 seconds.
  path: Assets/Sprites/LevelSprites/Hospital
  artifactKey: Guid(bbd92489c4ef36e41a42279e5852a738) Importer(815301076,1909f56bfc062723c751e8b465ee728b)
Start importing Assets/Sprites/LevelSprites/Hospital using Guid(bbd92489c4ef36e41a42279e5852a738) Importer(815301076,1909f56bfc062723c751e8b465ee728b) (PreviewImporter) -> (artifact id: 'a11c28df223178a01ac60268e7492dce') in 0.0008556 seconds
Number of updated asset objects reloaded before import = 0Number of asset objects unloaded after import = 0

========================================================================
Received Import Request.
  Time since last request: 0.024641 seconds.
  path: Assets/Sprites/LevelSprites/Hospital/Floor Assets.prefab
  artifactKey: Guid(4c6e1ca8ab1bdde40ba00782d1596ad5) Importer(815301076,1909f56bfc062723c751e8b465ee728b)
Start importing Assets/Sprites/LevelSprites/Hospital/Floor Assets.prefab using Guid(4c6e1ca8ab1bdde40ba00782d1596ad5) Importer(815301076,1909f56bfc062723c751e8b465ee728b) (PreviewImporter) -> (artifact id: '677d87987992a4b7dbabf115216e81f5') in 0.4402597 seconds
Number of updated asset objects reloaded before import = 0Number of asset objects unloaded after import = 402

========================================================================
Received Import Request.
  Time since last request: 0.000018 seconds.
  path: Assets/Sprites/LevelSprites/Hospital/TileSheet-BedRooms_0.asset
  artifactKey: Guid(cacf1e0aa0447dc45a7b8de60516ff64) Importer(815301076,1909f56bfc062723c751e8b465ee728b)
Start importing Assets/Sprites/LevelSprites/Hospital/TileSheet-BedRooms_0.asset using Guid(cacf1e0aa0447dc45a7b8de60516ff64) Importer(815301076,1909f56bfc062723c751e8b465ee728b) (PreviewImporter) -> (artifact id: '552b133fa6e20667f1688e3571ac7621') in 0.0197117 seconds
Number of updated asset objects reloaded before import = 0Number of asset objects unloaded after import = 3

========================================================================
Received Import Request.
  Time since last request: 0.000027 seconds.
  path: Assets/Sprites/LevelSprites/Hospital/TileSheet-BedRooms_15.asset
  artifactKey: Guid(764ef707cb5fbb748b6dcbaf09561f96) Importer(815301076,1909f56bfc062723c751e8b465ee728b)
Start importing Assets/Sprites/LevelSprites/Hospital/TileSheet-BedRooms_15.asset using Guid(764ef707cb5fbb748b6dcbaf09561f96) Importer(815301076,1909f56bfc062723c751e8b465ee728b) (PreviewImporter) -> (artifact id: 'f056c9c2ccf9726a03d90bc8dfa3d368') in 0.0126711 seconds
Number of updated asset objects reloaded before import = 0Number of asset objects unloaded after import = 3

========================================================================
Received Import Request.
  Time since last request: 0.000018 seconds.
  path: Assets/Sprites/LevelSprites/Hospital/TileSheet-Bathroom_48.asset
  artifactKey: Guid(6d1a0f73ccfb9e74496e18939246e621) Importer(815301076,1909f56bfc062723c751e8b465ee728b)
Start importing Assets/Sprites/LevelSprites/Hospital/TileSheet-Bathroom_48.asset using Guid(6d1a0f73ccfb9e74496e18939246e621) Importer(815301076,1909f56bfc062723c751e8b465ee728b) (PreviewImporter) -> (artifact id: '9a847847b824033db6b680413dc7e733') in 0.0084733 seconds
Number of updated asset objects reloaded before import = 0Number of asset objects unloaded after import = 3

========================================================================
Received Import Request.
  Time since last request: 0.000017 seconds.
  path: Assets/Sprites/LevelSprites/Hospital/TileSheet-Bathroom_47.asset
  artifactKey: Guid(d612ed548d85a4c40b22b71d5c8795ea) Importer(815301076,1909f56bfc062723c751e8b465ee728b)
Start importing Assets/Sprites/LevelSprites/Hospital/TileSheet-Bathroom_47.asset using Guid(d612ed548d85a4c40b22b71d5c8795ea) Importer(815301076,1909f56bfc062723c751e8b465ee728b) (PreviewImporter) -> (artifact id: 'a43eb43b9d52ba4fa2f441f4c018cd1b') in 0.0138432 seconds
Number of updated asset objects reloaded before import = 0Number of asset objects unloaded after import = 3

========================================================================
Received Import Request.
  Time since last request: 0.000015 seconds.
  path: Assets/Sprites/LevelSprites/Hospital/TileSheet-Bathroom_6.asset
  artifactKey: Guid(08b81108c98efed4282bda610d0f71ef) Importer(815301076,1909f56bfc062723c751e8b465ee728b)
Start importing Assets/Sprites/LevelSprites/Hospital/TileSheet-Bathroom_6.asset using Guid(08b81108c98efed4282bda610d0f71ef) Importer(815301076,1909f56bfc062723c751e8b465ee728b) (PreviewImporter) -> (artifact id: '04336568310beefefea16aa7d3d6dd94') in 0.0211515 seconds
Number of updated asset objects reloaded before import = 0Number of asset objects unloaded after import = 3

========================================================================
Received Import Request.
  Time since last request: 0.000019 seconds.
  path: Assets/Sprites/LevelSprites/Hospital/TileSheet-Bathroom_19.asset
  artifactKey: Guid(b3e687ba7442f694dbb5440d0113840e) Importer(815301076,1909f56bfc062723c751e8b465ee728b)
Start importing Assets/Sprites/LevelSprites/Hospital/TileSheet-Bathroom_19.asset using Guid(b3e687ba7442f694dbb5440d0113840e) Importer(815301076,1909f56bfc062723c751e8b465ee728b) (PreviewImporter) -> (artifact id: 'f9ed4239d26bfedd8767fb6bdfc1f3b6') in 0.0140779 seconds
Number of updated asset objects reloaded before import = 0Number of asset objects unloaded after import = 3

========================================================================
Received Import Request.
  Time since last request: 0.000025 seconds.
  path: Assets/Sprites/LevelSprites/Hospital/TileSheet-Bathroom_7.asset
  artifactKey: Guid(eb6f8e8a2964d0c40bf692b0017ccccb) Importer(815301076,1909f56bfc062723c751e8b465ee728b)
Start importing Assets/Sprites/LevelSprites/Hospital/TileSheet-Bathroom_7.asset using Guid(eb6f8e8a2964d0c40bf692b0017ccccb) Importer(815301076,1909f56bfc062723c751e8b465ee728b) (PreviewImporter) -> (artifact id: '20b0f5188cd6fef773a952c9b62dadfc') in 0.0070355 seconds
Number of updated asset objects reloaded before import = 0Number of asset objects unloaded after import = 3

========================================================================
Received Import Request.
  Time since last request: 0.000017 seconds.
  path: Assets/Sprites/LevelSprites/Hospital/TileSheet-BedRooms_23.asset
  artifactKey: Guid(fe8e4f426022b5a468b989d6849ee7b9) Importer(815301076,1909f56bfc062723c751e8b465ee728b)
Start importing Assets/Sprites/LevelSprites/Hospital/TileSheet-BedRooms_23.asset using Guid(fe8e4f426022b5a468b989d6849ee7b9) Importer(815301076,1909f56bfc062723c751e8b465ee728b) (PreviewImporter) -> (artifact id: 'bcd231e70ea6c3323f7dc777e12e7283') in 0.0078939 seconds
Number of updated asset objects reloaded before import = 0Number of asset objects unloaded after import = 3

========================================================================
Received Import Request.
  Time since last request: 0.000022 seconds.
  path: Assets/Sprites/LevelSprites/Hospital/TileSheet-Bathroom_27.asset
  artifactKey: Guid(1200229b5696e294490e9aedfc54ba4c) Importer(815301076,1909f56bfc062723c751e8b465ee728b)
Start importing Assets/Sprites/LevelSprites/Hospital/TileSheet-Bathroom_27.asset using Guid(1200229b5696e294490e9aedfc54ba4c) Importer(815301076,1909f56bfc062723c751e8b465ee728b) (PreviewImporter) -> (artifact id: '1e899875ef700a1d019a87ad395332b7') in 0.0074972 seconds
Number of updated asset objects reloaded before import = 0Number of asset objects unloaded after import = 3

========================================================================
Received Import Request.
  Time since last request: 0.000021 seconds.
  path: Assets/Sprites/LevelSprites/Hospital/TileSheet-Bathroom_2.asset
  artifactKey: Guid(bdc1b36f6fd7c134f94a0d0feb0b9f56) Importer(815301076,1909f56bfc062723c751e8b465ee728b)
Start importing Assets/Sprites/LevelSprites/Hospital/TileSheet-Bathroom_2.asset using Guid(bdc1b36f6fd7c134f94a0d0feb0b9f56) Importer(815301076,1909f56bfc062723c751e8b465ee728b) (PreviewImporter) -> (artifact id: '0a9da93bbb3e3267c746e240356254be') in 0.0366461 seconds
Number of updated asset objects reloaded before import = 0Number of asset objects unloaded after import = 3

========================================================================
Received Import Request.
  Time since last request: 0.000027 seconds.
  path: Assets/Sprites/LevelSprites/Hospital/TileSheet-Bathroom_20.asset
  artifactKey: Guid(3bb46460fb5995f409166a2e7d5015a8) Importer(815301076,1909f56bfc062723c751e8b465ee728b)
Start importing Assets/Sprites/LevelSprites/Hospital/TileSheet-Bathroom_20.asset using Guid(3bb46460fb5995f409166a2e7d5015a8) Importer(815301076,1909f56bfc062723c751e8b465ee728b) (PreviewImporter) -> (artifact id: 'a6080346cb1bb178b41cc8250a420b35') in 0.0066207 seconds
Number of updated asset objects reloaded before import = 0Number of asset objects unloaded after import = 3

========================================================================
Received Import Request.
  Time since last request: 0.000017 seconds.
  path: Assets/Sprites/LevelSprites/Hospital/TileSheet-BedRooms_10.asset
  artifactKey: Guid(0ae558d3b4a92d84aa7a6f02b08813ef) Importer(815301076,1909f56bfc062723c751e8b465ee728b)
Start importing Assets/Sprites/LevelSprites/Hospital/TileSheet-BedRooms_10.asset using Guid(0ae558d3b4a92d84aa7a6f02b08813ef) Importer(815301076,1909f56bfc062723c751e8b465ee728b) (PreviewImporter) -> (artifact id: 'b86ac703061eade149c0c7c5f9e42a46') in 0.0131379 seconds
Number of updated asset objects reloaded before import = 0Number of asset objects unloaded after import = 3

========================================================================
Received Import Request.
  Time since last request: 0.000020 seconds.
  path: Assets/Sprites/LevelSprites/Hospital/TileSheet-BedRooms_25.asset
  artifactKey: Guid(0a436f32e2453e141bdedef4664a7283) Importer(815301076,1909f56bfc062723c751e8b465ee728b)
Start importing Assets/Sprites/LevelSprites/Hospital/TileSheet-BedRooms_25.asset using Guid(0a436f32e2453e141bdedef4664a7283) Importer(815301076,1909f56bfc062723c751e8b465ee728b) (PreviewImporter) -> (artifact id: 'a384daaed81583d95101a22767c74342') in 0.0123392 seconds
Number of updated asset objects reloaded before import = 0Number of asset objects unloaded after import = 3

========================================================================
Received Import Request.
  Time since last request: 0.000022 seconds.
  path: Assets/Sprites/LevelSprites/Hospital/TileSheet-Bathroom_31.asset
  artifactKey: Guid(3f3275e8e55ddb34cbdfe49781dddb5e) Importer(815301076,1909f56bfc062723c751e8b465ee728b)
Start importing Assets/Sprites/LevelSprites/Hospital/TileSheet-Bathroom_31.asset using Guid(3f3275e8e55ddb34cbdfe49781dddb5e) Importer(815301076,1909f56bfc062723c751e8b465ee728b) (PreviewImporter) -> (artifact id: 'ea5643a8ee471df286f96766cb24bdbc') in 0.0075078 seconds
Number of updated asset objects reloaded before import = 0Number of asset objects unloaded after import = 3

========================================================================
Received Import Request.
  Time since last request: 0.000032 seconds.
  path: Assets/Sprites/LevelSprites/Hospital/TileSheet-Bathroom_33.asset
  artifactKey: Guid(27c8ad74cb425984da5e49de27371677) Importer(815301076,1909f56bfc062723c751e8b465ee728b)
Start importing Assets/Sprites/LevelSprites/Hospital/TileSheet-Bathroom_33.asset using Guid(27c8ad74cb425984da5e49de27371677) Importer(815301076,1909f56bfc062723c751e8b465ee728b) (PreviewImporter) -> (artifact id: '95d7d00e36fcfa204629c5314607c136') in 0.0068552 seconds
Number of updated asset objects reloaded before import = 0Number of asset objects unloaded after import = 3

========================================================================
Received Import Request.
  Time since last request: 0.000021 seconds.
  path: Assets/Sprites/LevelSprites/Hospital/TileSheet-Bathroom_14.asset
  artifactKey: Guid(68711590f833ea04ba3fee8240fdf9e6) Importer(815301076,1909f56bfc062723c751e8b465ee728b)
Start importing Assets/Sprites/LevelSprites/Hospital/TileSheet-Bathroom_14.asset using Guid(68711590f833ea04ba3fee8240fdf9e6) Importer(815301076,1909f56bfc062723c751e8b465ee728b) (PreviewImporter) -> (artifact id: '8f5bec264841fd880135c0e5b7a28736') in 0.0070324 seconds
Number of updated asset objects reloaded before import = 0Number of asset objects unloaded after import = 3

========================================================================
Received Import Request.
  Time since last request: 0.000017 seconds.
  path: Assets/Sprites/LevelSprites/Hospital/TileSheet-Bathroom_17.asset
  artifactKey: Guid(063e88be4de643448ba92fd4d01ae06d) Importer(815301076,1909f56bfc062723c751e8b465ee728b)
Start importing Assets/Sprites/LevelSprites/Hospital/TileSheet-Bathroom_17.asset using Guid(063e88be4de643448ba92fd4d01ae06d) Importer(815301076,1909f56bfc062723c751e8b465ee728b) (PreviewImporter) -> (artifact id: '6fe2728ad3b5994934a1202a3ceb2c10') in 0.0071324 seconds
Number of updated asset objects reloaded before import = 0Number of asset objects unloaded after import = 3

========================================================================
Received Import Request.
  Time since last request: 0.000026 seconds.
  path: Assets/Sprites/LevelSprites/Hospital/TileSheet-Bathroom_16.asset
  artifactKey: Guid(e6101e96e52e53e40af7a26ca909ea8b) Importer(815301076,1909f56bfc062723c751e8b465ee728b)
Start importing Assets/Sprites/LevelSprites/Hospital/TileSheet-Bathroom_16.asset using Guid(e6101e96e52e53e40af7a26ca909ea8b) Importer(815301076,1909f56bfc062723c751e8b465ee728b) (PreviewImporter) -> (artifact id: '3225d456fc613e99b24e46e95ff330bd') in 0.0057144 seconds
Number of updated asset objects reloaded before import = 0Number of asset objects unloaded after import = 3

========================================================================
Received Import Request.
  Time since last request: 0.000026 seconds.
  path: Assets/Sprites/LevelSprites/Hospital/TileSheet-Bathroom_37.asset
  artifactKey: Guid(4d8f45aa145144645a7ff25731dd881f) Importer(815301076,1909f56bfc062723c751e8b465ee728b)
Start importing Assets/Sprites/LevelSprites/Hospital/TileSheet-Bathroom_37.asset using Guid(4d8f45aa145144645a7ff25731dd881f) Importer(815301076,1909f56bfc062723c751e8b465ee728b) (PreviewImporter) -> (artifact id: '7e38a32414d2f1c414d2710e9c7c2e3d') in 0.0075733 seconds
Number of updated asset objects reloaded before import = 0Number of asset objects unloaded after import = 3

========================================================================
Received Import Request.
  Time since last request: 0.000020 seconds.
  path: Assets/Sprites/LevelSprites/Hospital/TileSheet-Bathroom_15.asset
  artifactKey: Guid(0ec448835a3b1164a9ca9bc3a075495e) Importer(815301076,1909f56bfc062723c751e8b465ee728b)
Start importing Assets/Sprites/LevelSprites/Hospital/TileSheet-Bathroom_15.asset using Guid(0ec448835a3b1164a9ca9bc3a075495e) Importer(815301076,1909f56bfc062723c751e8b465ee728b) (PreviewImporter) -> (artifact id: '1a4a825a46ba7d4a0b72122d23696f29') in 0.0143493 seconds
Number of updated asset objects reloaded before import = 0Number of asset objects unloaded after import = 3

========================================================================
Received Import Request.
  Time since last request: 0.000016 seconds.
  path: Assets/Sprites/LevelSprites/Hospital/TileSheet-BedRooms_11.asset
  artifactKey: Guid(c9ac2ce576aef50458a13a38c65fcde7) Importer(815301076,1909f56bfc062723c751e8b465ee728b)
Start importing Assets/Sprites/LevelSprites/Hospital/TileSheet-BedRooms_11.asset using Guid(c9ac2ce576aef50458a13a38c65fcde7) Importer(815301076,1909f56bfc062723c751e8b465ee728b) (PreviewImporter) -> (artifact id: 'd58098d163eba382a98c003f63cf1ad2') in 0.0147465 seconds
Number of updated asset objects reloaded before import = 0Number of asset objects unloaded after import = 3

========================================================================
Received Import Request.
  Time since last request: 0.000022 seconds.
  path: Assets/Sprites/LevelSprites/Hospital/TileSheet-BedRooms_9.asset
  artifactKey: Guid(54b652b29296bf0478ed99329f68627f) Importer(815301076,1909f56bfc062723c751e8b465ee728b)
Start importing Assets/Sprites/LevelSprites/Hospital/TileSheet-BedRooms_9.asset using Guid(54b652b29296bf0478ed99329f68627f) Importer(815301076,1909f56bfc062723c751e8b465ee728b) (PreviewImporter) -> (artifact id: 'c3f4e13e64d428525a35db77d90e13cf') in 0.0091583 seconds
Number of updated asset objects reloaded before import = 0Number of asset objects unloaded after import = 3

========================================================================
Received Import Request.
  Time since last request: 0.000034 seconds.
  path: Assets/Sprites/LevelSprites/Hospital/TileSheet-Bathroom_1.asset
  artifactKey: Guid(79f46a0af300e444d9f2dc632422fc7d) Importer(815301076,1909f56bfc062723c751e8b465ee728b)
Start importing Assets/Sprites/LevelSprites/Hospital/TileSheet-Bathroom_1.asset using Guid(79f46a0af300e444d9f2dc632422fc7d) Importer(815301076,1909f56bfc062723c751e8b465ee728b) (PreviewImporter) -> (artifact id: 'b1da4cec46ff8958055e140b4d70ac7a') in 0.0108631 seconds
Number of updated asset objects reloaded before import = 0Number of asset objects unloaded after import = 3

========================================================================
Received Import Request.
  Time since last request: 0.000021 seconds.
  path: Assets/Sprites/LevelSprites/Hospital/TileSheet-Bathroom_29.asset
  artifactKey: Guid(6e6050336b231f548bdada1ee4830045) Importer(815301076,1909f56bfc062723c751e8b465ee728b)
Start importing Assets/Sprites/LevelSprites/Hospital/TileSheet-Bathroom_29.asset using Guid(6e6050336b231f548bdada1ee4830045) Importer(815301076,1909f56bfc062723c751e8b465ee728b) (PreviewImporter) -> (artifact id: '2ac40221b2bc3b18cb73f6203cbb0af1') in 0.0074737 seconds
Number of updated asset objects reloaded before import = 0Number of asset objects unloaded after import = 3

========================================================================
Received Import Request.
  Time since last request: 0.000022 seconds.
  path: Assets/Sprites/LevelSprites/Hospital/TileSheet-Bathroom_38.asset
  artifactKey: Guid(f78376443bf54de47b7b6d38055be4b6) Importer(815301076,1909f56bfc062723c751e8b465ee728b)
Start importing Assets/Sprites/LevelSprites/Hospital/TileSheet-Bathroom_38.asset using Guid(f78376443bf54de47b7b6d38055be4b6) Importer(815301076,1909f56bfc062723c751e8b465ee728b) (PreviewImporter) -> (artifact id: 'f641cf8d633f60ad4f12db8be38292e1') in 0.0067246 seconds
Number of updated asset objects reloaded before import = 0Number of asset objects unloaded after import = 3

========================================================================
Received Import Request.
  Time since last request: 0.000021 seconds.
  path: Assets/Sprites/LevelSprites/Hospital/TileSheet-BedRooms_3.asset
  artifactKey: Guid(facabd4f087472946805f73446458c82) Importer(815301076,1909f56bfc062723c751e8b465ee728b)
Start importing Assets/Sprites/LevelSprites/Hospital/TileSheet-BedRooms_3.asset using Guid(facabd4f087472946805f73446458c82) Importer(815301076,1909f56bfc062723c751e8b465ee728b) (PreviewImporter) -> (artifact id: 'dc8835670b3828e5e32c5f0bf716acd8') in 0.0081448 seconds
Number of updated asset objects reloaded before import = 0Number of asset objects unloaded after import = 3

========================================================================
Received Import Request.
  Time since last request: 0.000032 seconds.
  path: Assets/Sprites/LevelSprites/Hospital/TileSheet-BedRooms_18.asset
  artifactKey: Guid(9a80d9c4cb493ea469e9cf62bca46c96) Importer(815301076,1909f56bfc062723c751e8b465ee728b)
Start importing Assets/Sprites/LevelSprites/Hospital/TileSheet-BedRooms_18.asset using Guid(9a80d9c4cb493ea469e9cf62bca46c96) Importer(815301076,1909f56bfc062723c751e8b465ee728b) (PreviewImporter) -> (artifact id: '5ef00b060681ddee1c598636203eef84') in 0.0070587 seconds
Number of updated asset objects reloaded before import = 0Number of asset objects unloaded after import = 3

========================================================================
Received Import Request.
  Time since last request: 0.000022 seconds.
  path: Assets/Sprites/LevelSprites/Hospital/TileSheet-BedRooms_1.asset
  artifactKey: Guid(3c80d8d9136c8a14792ba5d721a79f48) Importer(815301076,1909f56bfc062723c751e8b465ee728b)
Start importing Assets/Sprites/LevelSprites/Hospital/TileSheet-BedRooms_1.asset using Guid(3c80d8d9136c8a14792ba5d721a79f48) Importer(815301076,1909f56bfc062723c751e8b465ee728b) (PreviewImporter) -> (artifact id: '5cb247875ba9c22bcf30dc78d0d78d17') in 0.0085064 seconds
Number of updated asset objects reloaded before import = 0Number of asset objects unloaded after import = 3

========================================================================
Received Import Request.
  Time since last request: 0.000021 seconds.
  path: Assets/Sprites/LevelSprites/Hospital/TileSheet-Bathroom_3.asset
  artifactKey: Guid(8a433c3cc4ce8c943a4020426c8295b1) Importer(815301076,1909f56bfc062723c751e8b465ee728b)
Start importing Assets/Sprites/LevelSprites/Hospital/TileSheet-Bathroom_3.asset using Guid(8a433c3cc4ce8c943a4020426c8295b1) Importer(815301076,1909f56bfc062723c751e8b465ee728b) (PreviewImporter) -> (artifact id: '3b634d983a7d93659b0272380bb72a3f') in 0.013175 seconds
Number of updated asset objects reloaded before import = 0Number of asset objects unloaded after import = 3

========================================================================
Received Import Request.
  Time since last request: 0.000019 seconds.
  path: Assets/Sprites/LevelSprites/Hospital/TileSheet-BedRooms_7.asset
  artifactKey: Guid(624b15c113d7181489f142c364b55c41) Importer(815301076,1909f56bfc062723c751e8b465ee728b)
Start importing Assets/Sprites/LevelSprites/Hospital/TileSheet-BedRooms_7.asset using Guid(624b15c113d7181489f142c364b55c41) Importer(815301076,1909f56bfc062723c751e8b465ee728b) (PreviewImporter) -> (artifact id: '88d474814702b82d176ee46524a1911e') in 0.00836 seconds
Number of updated asset objects reloaded before import = 0Number of asset objects unloaded after import = 3

========================================================================
Received Import Request.
  Time since last request: 0.000032 seconds.
  path: Assets/Sprites/LevelSprites/Hospital/TileSheet-Bathroom_26.asset
  artifactKey: Guid(b4cc989e113dccb4b9ed8a0fe7cbc9e6) Importer(815301076,1909f56bfc062723c751e8b465ee728b)
Start importing Assets/Sprites/LevelSprites/Hospital/TileSheet-Bathroom_26.asset using Guid(b4cc989e113dccb4b9ed8a0fe7cbc9e6) Importer(815301076,1909f56bfc062723c751e8b465ee728b) (PreviewImporter) -> (artifact id: '3a094e6c4e62beced02aa539aadc7525') in 0.0076666 seconds
Number of updated asset objects reloaded before import = 0Number of asset objects unloaded after import = 3

========================================================================
Received Import Request.
  Time since last request: 0.000021 seconds.
  path: Assets/Sprites/LevelSprites/Hospital/TileSheet-Bathroom_11.asset
  artifactKey: Guid(201dd9e49e8084e468fb872bf5d69495) Importer(815301076,1909f56bfc062723c751e8b465ee728b)
Start importing Assets/Sprites/LevelSprites/Hospital/TileSheet-Bathroom_11.asset using Guid(201dd9e49e8084e468fb872bf5d69495) Importer(815301076,1909f56bfc062723c751e8b465ee728b) (PreviewImporter) -> (artifact id: '27224c27d8044e96e1f9daf212ac22f1') in 0.0075015 seconds
Number of updated asset objects reloaded before import = 0Number of asset objects unloaded after import = 3

========================================================================
Received Import Request.
  Time since last request: 0.000021 seconds.
  path: Assets/Sprites/LevelSprites/Hospital/TileSheet-Bathroom_10.asset
  artifactKey: Guid(3b79734be361fd84a9afe8850dfe41b2) Importer(815301076,1909f56bfc062723c751e8b465ee728b)
Start importing Assets/Sprites/LevelSprites/Hospital/TileSheet-Bathroom_10.asset using Guid(3b79734be361fd84a9afe8850dfe41b2) Importer(815301076,1909f56bfc062723c751e8b465ee728b) (PreviewImporter) -> (artifact id: '0cc2b76cf6831563ad8daf52237bfa2f') in 0.0067194 seconds
Number of updated asset objects reloaded before import = 0Number of asset objects unloaded after import = 3

========================================================================
Received Import Request.
  Time since last request: 0.000019 seconds.
  path: Assets/Sprites/LevelSprites/Hospital/TileSheet-Baths.png
  artifactKey: Guid(35f95212839f555458b46e3e6075daf4) Importer(815301076,1909f56bfc062723c751e8b465ee728b)
Start importing Assets/Sprites/LevelSprites/Hospital/TileSheet-Baths.png using Guid(35f95212839f555458b46e3e6075daf4) Importer(815301076,1909f56bfc062723c751e8b465ee728b) (PreviewImporter) -> (artifact id: 'b9ac409f1fca39dcdb36e067dcef3471') in 0.0627652 seconds
Number of updated asset objects reloaded before import = 0Number of asset objects unloaded after import = 17

========================================================================
Received Import Request.
  Time since last request: 0.000029 seconds.
  path: Assets/Sprites/LevelSprites/Hospital/TileSheet-Bathroom_41.asset
  artifactKey: Guid(cca1be02d4aefca40bec70263b7cd94d) Importer(815301076,1909f56bfc062723c751e8b465ee728b)
Start importing Assets/Sprites/LevelSprites/Hospital/TileSheet-Bathroom_41.asset using Guid(cca1be02d4aefca40bec70263b7cd94d) Importer(815301076,1909f56bfc062723c751e8b465ee728b) (PreviewImporter) -> (artifact id: '10aace78d23fbd61aa0b561627298da8') in 0.007336 seconds
Number of updated asset objects reloaded before import = 0Number of asset objects unloaded after import = 3

========================================================================
Received Import Request.
  Time since last request: 0.000019 seconds.
  path: Assets/Sprites/LevelSprites/Hospital/TileSheet-Bathroom_42.asset
  artifactKey: Guid(7c7094961b787b64a992da6e2ebd3736) Importer(815301076,1909f56bfc062723c751e8b465ee728b)
Start importing Assets/Sprites/LevelSprites/Hospital/TileSheet-Bathroom_42.asset using Guid(7c7094961b787b64a992da6e2ebd3736) Importer(815301076,1909f56bfc062723c751e8b465ee728b) (PreviewImporter) -> (artifact id: 'e0eca2f5cb0fde4043baf738bdfc7c21') in 0.0136351 seconds
Number of updated asset objects reloaded before import = 0Number of asset objects unloaded after import = 3

========================================================================
Received Import Request.
  Time since last request: 0.000019 seconds.
  path: Assets/Sprites/LevelSprites/Hospital/TileSheet-BedRooms_6.asset
  artifactKey: Guid(3b382a477430c094198fda9350f64100) Importer(815301076,1909f56bfc062723c751e8b465ee728b)
Start importing Assets/Sprites/LevelSprites/Hospital/TileSheet-BedRooms_6.asset using Guid(3b382a477430c094198fda9350f64100) Importer(815301076,1909f56bfc062723c751e8b465ee728b) (PreviewImporter) -> (artifact id: '3a82e67d9d09037acac0df412e198d66') in 0.0112193 seconds
Number of updated asset objects reloaded before import = 0Number of asset objects unloaded after import = 3

========================================================================
Received Import Request.
  Time since last request: 0.000023 seconds.
  path: Assets/Sprites/LevelSprites/Hospital/TileSheet-BedRooms_19.asset
  artifactKey: Guid(7e1c82d8bb46832409b74dc458606e82) Importer(815301076,1909f56bfc062723c751e8b465ee728b)
Start importing Assets/Sprites/LevelSprites/Hospital/TileSheet-BedRooms_19.asset using Guid(7e1c82d8bb46832409b74dc458606e82) Importer(815301076,1909f56bfc062723c751e8b465ee728b) (PreviewImporter) -> (artifact id: 'f16b1aef5c25f7850f6c501166a4eec0') in 0.0118744 seconds
Number of updated asset objects reloaded before import = 0Number of asset objects unloaded after import = 3

========================================================================
Received Import Request.
  Time since last request: 0.000029 seconds.
  path: Assets/Sprites/LevelSprites/Hospital/TileSheet-BedRooms_32.asset
  artifactKey: Guid(9320f86079d92bf4e9cf7055e52ec8a8) Importer(815301076,1909f56bfc062723c751e8b465ee728b)
Start importing Assets/Sprites/LevelSprites/Hospital/TileSheet-BedRooms_32.asset using Guid(9320f86079d92bf4e9cf7055e52ec8a8) Importer(815301076,1909f56bfc062723c751e8b465ee728b) (PreviewImporter) -> (artifact id: '6e0e8a0670a2d6879b202d84ffd4e3b5') in 0.0087037 seconds
Number of updated asset objects reloaded before import = 0Number of asset objects unloaded after import = 3

========================================================================
Received Import Request.
  Time since last request: 0.000019 seconds.
  path: Assets/Sprites/LevelSprites/Hospital/TileSheet-BedRooms_33.asset
  artifactKey: Guid(9151029ad4872154aa6062b9a80d7fc8) Importer(815301076,1909f56bfc062723c751e8b465ee728b)
Start importing Assets/Sprites/LevelSprites/Hospital/TileSheet-BedRooms_33.asset using Guid(9151029ad4872154aa6062b9a80d7fc8) Importer(815301076,1909f56bfc062723c751e8b465ee728b) (PreviewImporter) -> (artifact id: 'ebfce6b687bf40c51d94c204e491dadb') in 0.0074856 seconds
Number of updated asset objects reloaded before import = 0Number of asset objects unloaded after import = 3

========================================================================
Received Import Request.
  Time since last request: 0.000020 seconds.
  path: Assets/Sprites/LevelSprites/Hospital/TileSheet-BedRooms_49.asset
  artifactKey: Guid(62471c1e20db70341881bae020f0565f) Importer(815301076,1909f56bfc062723c751e8b465ee728b)
Start importing Assets/Sprites/LevelSprites/Hospital/TileSheet-BedRooms_49.asset using Guid(62471c1e20db70341881bae020f0565f) Importer(815301076,1909f56bfc062723c751e8b465ee728b) (PreviewImporter) -> (artifact id: '91f7b261aabb64d89a6da803a8167ea7') in 0.0069533 seconds
Number of updated asset objects reloaded before import = 0Number of asset objects unloaded after import = 3

========================================================================
Received Import Request.
  Time since last request: 0.000020 seconds.
  path: Assets/Sprites/LevelSprites/Hospital/TileSheet-BedRooms_48.asset
  artifactKey: Guid(368d88b71ad574f48aa97eb64a59979d) Importer(815301076,1909f56bfc062723c751e8b465ee728b)
Start importing Assets/Sprites/LevelSprites/Hospital/TileSheet-BedRooms_48.asset using Guid(368d88b71ad574f48aa97eb64a59979d) Importer(815301076,1909f56bfc062723c751e8b465ee728b) (PreviewImporter) -> (artifact id: '2957776061df61c5b0cd3e12ffe6e63e') in 0.0083787 seconds
Number of updated asset objects reloaded before import = 0Number of asset objects unloaded after import = 3

========================================================================
Received Import Request.
  Time since last request: 0.000022 seconds.
  path: Assets/Sprites/LevelSprites/Hospital/TileSheet-BedRooms_40.asset
  artifactKey: Guid(3f42c6dd3bd6a1246ad21b8d85889275) Importer(815301076,1909f56bfc062723c751e8b465ee728b)
Start importing Assets/Sprites/LevelSprites/Hospital/TileSheet-BedRooms_40.asset using Guid(3f42c6dd3bd6a1246ad21b8d85889275) Importer(815301076,1909f56bfc062723c751e8b465ee728b) (PreviewImporter) -> (artifact id: '7a36a2bbdcb8b6819b5a30de67b34ce8') in 0.008022 seconds
Number of updated asset objects reloaded before import = 0Number of asset objects unloaded after import = 3

========================================================================
Received Import Request.
  Time since last request: 0.000029 seconds.
  path: Assets/Sprites/LevelSprites/Hospital/TileSheet-BedRooms_36.asset
  artifactKey: Guid(3d3e3770d33b36b4db8aadfa4cc991c8) Importer(815301076,1909f56bfc062723c751e8b465ee728b)
Start importing Assets/Sprites/LevelSprites/Hospital/TileSheet-BedRooms_36.asset using Guid(3d3e3770d33b36b4db8aadfa4cc991c8) Importer(815301076,1909f56bfc062723c751e8b465ee728b) (PreviewImporter) -> (artifact id: '46822c44d9120c04161fb5132f10c7b8') in 0.0086982 seconds
Number of updated asset objects reloaded before import = 0Number of asset objects unloaded after import = 3

========================================================================
Received Import Request.
  Time since last request: 0.000022 seconds.
  path: Assets/Sprites/LevelSprites/Hospital/TileSheet-BedRooms_46.asset
  artifactKey: Guid(fa6098a9ad0e171409f3bf666ea136c4) Importer(815301076,1909f56bfc062723c751e8b465ee728b)
Start importing Assets/Sprites/LevelSprites/Hospital/TileSheet-BedRooms_46.asset using Guid(fa6098a9ad0e171409f3bf666ea136c4) Importer(815301076,1909f56bfc062723c751e8b465ee728b) (PreviewImporter) -> (artifact id: '11d0902c07f695663f47c9776ab8a246') in 0.0062512 seconds
Number of updated asset objects reloaded before import = 0Number of asset objects unloaded after import = 3

========================================================================
Received Import Request.
  Time since last request: 0.000019 seconds.
  path: Assets/Sprites/LevelSprites/Hospital/TileSheet-BedRooms_26.asset
  artifactKey: Guid(914036c30c10e2548bd7ac4c4df478cf) Importer(815301076,1909f56bfc062723c751e8b465ee728b)
Start importing Assets/Sprites/LevelSprites/Hospital/TileSheet-BedRooms_26.asset using Guid(914036c30c10e2548bd7ac4c4df478cf) Importer(815301076,1909f56bfc062723c751e8b465ee728b) (PreviewImporter) -> (artifact id: 'c1d6030eee1e8bd146eaf90bef42045e') in 0.015034 seconds
Number of updated asset objects reloaded before import = 0Number of asset objects unloaded after import = 3

========================================================================
Received Import Request.
  Time since last request: 0.000020 seconds.
  path: Assets/Sprites/LevelSprites/Hospital/TileSheet-BedRooms_39.asset
  artifactKey: Guid(1a94f9d7486a2554597c95000f1d9dec) Importer(815301076,1909f56bfc062723c751e8b465ee728b)
Start importing Assets/Sprites/LevelSprites/Hospital/TileSheet-BedRooms_39.asset using Guid(1a94f9d7486a2554597c95000f1d9dec) Importer(815301076,1909f56bfc062723c751e8b465ee728b) (PreviewImporter) -> (artifact id: 'ccb5cd8ac4cde6c2c86334b2be8c21d6') in 0.0069362 seconds
Number of updated asset objects reloaded before import = 0Number of asset objects unloaded after import = 3

========================================================================
Received Import Request.
  Time since last request: 0.000029 seconds.
  path: Assets/Sprites/LevelSprites/Hospital/TileSheet-BedRooms_45.asset
  artifactKey: Guid(e627f46e8544f8945bc25f2b89bd6635) Importer(815301076,1909f56bfc062723c751e8b465ee728b)
Start importing Assets/Sprites/LevelSprites/Hospital/TileSheet-BedRooms_45.asset using Guid(e627f46e8544f8945bc25f2b89bd6635) Importer(815301076,1909f56bfc062723c751e8b465ee728b) (PreviewImporter) -> (artifact id: 'f64d1ece0e9274941d3c1845b22c799b') in 0.012659 seconds
Number of updated asset objects reloaded before import = 0Number of asset objects unloaded after import = 3

========================================================================
Received Import Request.
  Time since last request: 0.000019 seconds.
  path: Assets/Sprites/LevelSprites/Hospital/TileSheet-BedRooms_34.asset
  artifactKey: Guid(b9f00c890b004c14bbdb5118ef98f194) Importer(815301076,1909f56bfc062723c751e8b465ee728b)
Start importing Assets/Sprites/LevelSprites/Hospital/TileSheet-BedRooms_34.asset using Guid(b9f00c890b004c14bbdb5118ef98f194) Importer(815301076,1909f56bfc062723c751e8b465ee728b) (PreviewImporter) -> (artifact id: '0b43e4d67e60d729f54f9d0c68f4a870') in 0.0088755 seconds
Number of updated asset objects reloaded before import = 0Number of asset objects unloaded after import = 3

========================================================================
Received Import Request.
  Time since last request: 0.000019 seconds.
  path: Assets/Sprites/LevelSprites/Hospital/TileSheet-BedRooms_27.asset
  artifactKey: Guid(1f12a3da0ba793349a3da86c8c1e8d36) Importer(815301076,1909f56bfc062723c751e8b465ee728b)
Start importing Assets/Sprites/LevelSprites/Hospital/TileSheet-BedRooms_27.asset using Guid(1f12a3da0ba793349a3da86c8c1e8d36) Importer(815301076,1909f56bfc062723c751e8b465ee728b) (PreviewImporter) -> (artifact id: 'a4b59b92fb561a4c9619019e93459a4c') in 0.0144912 seconds
Number of updated asset objects reloaded before import = 0Number of asset objects unloaded after import = 3

========================================================================
Received Import Request.
  Time since last request: 0.000023 seconds.
  path: Assets/Sprites/LevelSprites/Hospital/TileSheet-BedRooms_37.asset
  artifactKey: Guid(f00508ab07994b4418cfc025b1bf87c6) Importer(815301076,1909f56bfc062723c751e8b465ee728b)
Start importing Assets/Sprites/LevelSprites/Hospital/TileSheet-BedRooms_37.asset using Guid(f00508ab07994b4418cfc025b1bf87c6) Importer(815301076,1909f56bfc062723c751e8b465ee728b) (PreviewImporter) -> (artifact id: '5a6c0cf4315109c2f09e45b55a0a7123') in 0.0077192 seconds
Number of updated asset objects reloaded before import = 0Number of asset objects unloaded after import = 3

========================================================================
Received Import Request.
  Time since last request: 0.203789 seconds.
  path: Assets/Sprites/LevelSprites/Hospital/TileSheet-BedRooms_50.asset
  artifactKey: Guid(fb021ffe87b6d8949bd1534e29a37412) Importer(815301076,1909f56bfc062723c751e8b465ee728b)
Start importing Assets/Sprites/LevelSprites/Hospital/TileSheet-BedRooms_50.asset using Guid(fb021ffe87b6d8949bd1534e29a37412) Importer(815301076,1909f56bfc062723c751e8b465ee728b) (PreviewImporter) -> (artifact id: '5a011c1c3778e693765badf96a363e43') in 0.0087354 seconds
Number of updated asset objects reloaded before import = 0Number of asset objects unloaded after import = 3

========================================================================
Received Import Request.
  Time since last request: 0.000026 seconds.
  path: Assets/Sprites/LevelSprites/Hospital/TileSheet-BedRooms_53.asset
  artifactKey: Guid(4d7c18e39ca675c49a7372df91dc68a3) Importer(815301076,1909f56bfc062723c751e8b465ee728b)
Start importing Assets/Sprites/LevelSprites/Hospital/TileSheet-BedRooms_53.asset using Guid(4d7c18e39ca675c49a7372df91dc68a3) Importer(815301076,1909f56bfc062723c751e8b465ee728b) (PreviewImporter) -> (artifact id: '62c5285097446368d47841fd6565fc21') in 0.0078034 seconds
Number of updated asset objects reloaded before import = 0Number of asset objects unloaded after import = 3

========================================================================
Received Import Request.
  Time since last request: 0.000024 seconds.
  path: Assets/Sprites/LevelSprites/Hospital/TileSheet-BedRooms_58.asset
  artifactKey: Guid(0e8593ee6e27dbe44b6c0e7dfcd1746d) Importer(815301076,1909f56bfc062723c751e8b465ee728b)
Start importing Assets/Sprites/LevelSprites/Hospital/TileSheet-BedRooms_58.asset using Guid(0e8593ee6e27dbe44b6c0e7dfcd1746d) Importer(815301076,1909f56bfc062723c751e8b465ee728b) (PreviewImporter) -> (artifact id: '47d9ac49b3fb9507a79a592ca7224575') in 0.0148933 seconds
Number of updated asset objects reloaded before import = 0Number of asset objects unloaded after import = 3

========================================================================
Received Import Request.
  Time since last request: 0.000018 seconds.
  path: Assets/Sprites/LevelSprites/Hospital/TileSheet-BedRooms_55.asset
  artifactKey: Guid(d22887d8d123a2a469bf923c2ee114f3) Importer(815301076,1909f56bfc062723c751e8b465ee728b)
Start importing Assets/Sprites/LevelSprites/Hospital/TileSheet-BedRooms_55.asset using Guid(d22887d8d123a2a469bf923c2ee114f3) Importer(815301076,1909f56bfc062723c751e8b465ee728b) (PreviewImporter) -> (artifact id: '3887ae49b8b5035b259b4152842be927') in 0.0146475 seconds
Number of updated asset objects reloaded before import = 0Number of asset objects unloaded after import = 3

========================================================================
Received Import Request.
  Time since last request: 0.091965 seconds.
  path: Assets/Sprites/LevelSprites/Hospital/TileSheet-BedRooms_64.asset
  artifactKey: Guid(478c7ffa028d0124ab6d63fc7497f924) Importer(815301076,1909f56bfc062723c751e8b465ee728b)
Start importing Assets/Sprites/LevelSprites/Hospital/TileSheet-BedRooms_64.asset using Guid(478c7ffa028d0124ab6d63fc7497f924) Importer(815301076,1909f56bfc062723c751e8b465ee728b) (PreviewImporter) -> (artifact id: '292f762b19ad848e7baa340c14467c6a') in 0.0136536 seconds
Number of updated asset objects reloaded before import = 0Number of asset objects unloaded after import = 3

========================================================================
Received Import Request.
  Time since last request: 0.000017 seconds.
  path: Assets/Sprites/LevelSprites/Hospital/TileSheet-BloodAndDead_1.asset
  artifactKey: Guid(47d0d352569dc034cb93583b7721bab4) Importer(815301076,1909f56bfc062723c751e8b465ee728b)
Start importing Assets/Sprites/LevelSprites/Hospital/TileSheet-BloodAndDead_1.asset using Guid(47d0d352569dc034cb93583b7721bab4) Importer(815301076,1909f56bfc062723c751e8b465ee728b) (PreviewImporter) -> (artifact id: 'ffc5a42abcea960540f2633c619b3329') in 0.0064503 seconds
Number of updated asset objects reloaded before import = 0Number of asset objects unloaded after import = 3

========================================================================
Received Import Request.
  Time since last request: 0.000016 seconds.
  path: Assets/Sprites/LevelSprites/Hospital/TileSheet-BloodAndDead_5.asset
  artifactKey: Guid(a0ad95304c2c01244b9e5db5229b4095) Importer(815301076,1909f56bfc062723c751e8b465ee728b)
Start importing Assets/Sprites/LevelSprites/Hospital/TileSheet-BloodAndDead_5.asset using Guid(a0ad95304c2c01244b9e5db5229b4095) Importer(815301076,1909f56bfc062723c751e8b465ee728b) (PreviewImporter) -> (artifact id: '0008d41a7bb86e637063c9fda22b8698') in 0.0068986 seconds
Number of updated asset objects reloaded before import = 0Number of asset objects unloaded after import = 3

========================================================================
Received Import Request.
  Time since last request: 0.000020 seconds.
  path: Assets/Sprites/LevelSprites/Hospital/TileSheet-BloodAndDead_15.asset
  artifactKey: Guid(2ff394ef27eb03e4cb8ba80534d1a182) Importer(815301076,1909f56bfc062723c751e8b465ee728b)
Start importing Assets/Sprites/LevelSprites/Hospital/TileSheet-BloodAndDead_15.asset using Guid(2ff394ef27eb03e4cb8ba80534d1a182) Importer(815301076,1909f56bfc062723c751e8b465ee728b) (PreviewImporter) -> (artifact id: 'b8a6686557b0cd735a4e64b7bbbe96d4') in 0.0123732 seconds
Number of updated asset objects reloaded before import = 0Number of asset objects unloaded after import = 3

========================================================================
Received Import Request.
  Time since last request: 0.000022 seconds.
  path: Assets/Sprites/LevelSprites/Hospital/TileSheet-BloodAndDead_9.asset
  artifactKey: Guid(8db1d52470edf214d9f8a724a4f37dfc) Importer(815301076,1909f56bfc062723c751e8b465ee728b)
Start importing Assets/Sprites/LevelSprites/Hospital/TileSheet-BloodAndDead_9.asset using Guid(8db1d52470edf214d9f8a724a4f37dfc) Importer(815301076,1909f56bfc062723c751e8b465ee728b) (PreviewImporter) -> (artifact id: '149bbef2cdf2a1f8b1235892bb5e94aa') in 0.0098381 seconds
Number of updated asset objects reloaded before import = 0Number of asset objects unloaded after import = 3

========================================================================
Received Import Request.
  Time since last request: 0.212075 seconds.
  path: Assets/Sprites/LevelSprites/Hospital/TileSheet-BloodAndDead_18.asset
  artifactKey: Guid(3d959624804118149a3ffa4846d5d833) Importer(815301076,1909f56bfc062723c751e8b465ee728b)
Start importing Assets/Sprites/LevelSprites/Hospital/TileSheet-BloodAndDead_18.asset using Guid(3d959624804118149a3ffa4846d5d833) Importer(815301076,1909f56bfc062723c751e8b465ee728b) (PreviewImporter) -> (artifact id: '0834b4e19f51eaff0a0f1ef58ba85f89') in 0.0132305 seconds
Number of updated asset objects reloaded before import = 0Number of asset objects unloaded after import = 3

========================================================================
Received Import Request.
  Time since last request: 0.000014 seconds.
  path: Assets/Sprites/LevelSprites/Hospital/TileSheet-BloodAndDead_25.asset
  artifactKey: Guid(6c7e650bd1f9c2846aa596b9a75aeb99) Importer(815301076,1909f56bfc062723c751e8b465ee728b)
Start importing Assets/Sprites/LevelSprites/Hospital/TileSheet-BloodAndDead_25.asset using Guid(6c7e650bd1f9c2846aa596b9a75aeb99) Importer(815301076,1909f56bfc062723c751e8b465ee728b) (PreviewImporter) -> (artifact id: '05de9bda08ff4fa032f51f09a9f466cc') in 0.0110192 seconds
Number of updated asset objects reloaded before import = 0Number of asset objects unloaded after import = 3

========================================================================
Received Import Request.
  Time since last request: 0.000017 seconds.
  path: Assets/Sprites/LevelSprites/Hospital/TileSheet-BloodAndDead_33.asset
  artifactKey: Guid(5e97b7ca941ad6a4ba3d1007fc92aae3) Importer(815301076,1909f56bfc062723c751e8b465ee728b)
Start importing Assets/Sprites/LevelSprites/Hospital/TileSheet-BloodAndDead_33.asset using Guid(5e97b7ca941ad6a4ba3d1007fc92aae3) Importer(815301076,1909f56bfc062723c751e8b465ee728b) (PreviewImporter) -> (artifact id: '4b935d9ee0e0b8c05675503cb5bb69c7') in 0.0122793 seconds
Number of updated asset objects reloaded before import = 0Number of asset objects unloaded after import = 3

========================================================================
Received Import Request.
  Time since last request: 0.000025 seconds.
  path: Assets/Sprites/LevelSprites/Hospital/TileSheet-BloodAndDead_30.asset
  artifactKey: Guid(e1adef60b734f924ab5b48c3e3ac2b48) Importer(815301076,1909f56bfc062723c751e8b465ee728b)
Start importing Assets/Sprites/LevelSprites/Hospital/TileSheet-BloodAndDead_30.asset using Guid(e1adef60b734f924ab5b48c3e3ac2b48) Importer(815301076,1909f56bfc062723c751e8b465ee728b) (PreviewImporter) -> (artifact id: 'b94de3a69f68b38674a25a1e532bb9e7') in 0.0115948 seconds
Number of updated asset objects reloaded before import = 0Number of asset objects unloaded after import = 3

========================================================================
Received Import Request.
  Time since last request: 0.103115 seconds.
  path: Assets/Sprites/LevelSprites/Hospital/TileSheet-Corridor_3.asset
  artifactKey: Guid(4b7cbb88e6ce3e14393fbf5abbd49c42) Importer(815301076,1909f56bfc062723c751e8b465ee728b)
Start importing Assets/Sprites/LevelSprites/Hospital/TileSheet-Corridor_3.asset using Guid(4b7cbb88e6ce3e14393fbf5abbd49c42) Importer(815301076,1909f56bfc062723c751e8b465ee728b) (PreviewImporter) -> (artifact id: '7c2f37c218433502052c97121fce36a3') in 0.0122006 seconds
Number of updated asset objects reloaded before import = 0Number of asset objects unloaded after import = 3

========================================================================
Received Import Request.
  Time since last request: 0.000019 seconds.
  path: Assets/Sprites/LevelSprites/Hospital/TileSheet-Corridor_9.asset
  artifactKey: Guid(5649c4474ed4aff4d8b25c82bfed6386) Importer(815301076,1909f56bfc062723c751e8b465ee728b)
Start importing Assets/Sprites/LevelSprites/Hospital/TileSheet-Corridor_9.asset using Guid(5649c4474ed4aff4d8b25c82bfed6386) Importer(815301076,1909f56bfc062723c751e8b465ee728b) (PreviewImporter) -> (artifact id: 'a7d45eb9f584e64d59b483e66350c764') in 0.0110229 seconds
Number of updated asset objects reloaded before import = 0Number of asset objects unloaded after import = 3

========================================================================
Received Import Request.
  Time since last request: 0.000025 seconds.
  path: Assets/Sprites/LevelSprites/Hospital/TileSheet-Elevators_8.asset
  artifactKey: Guid(fcc1a69a2b8b5ba48ae7f915fb1017a9) Importer(815301076,1909f56bfc062723c751e8b465ee728b)
Start importing Assets/Sprites/LevelSprites/Hospital/TileSheet-Elevators_8.asset using Guid(fcc1a69a2b8b5ba48ae7f915fb1017a9) Importer(815301076,1909f56bfc062723c751e8b465ee728b) (PreviewImporter) -> (artifact id: 'e24c5473aae779d0133872940634ea7e') in 0.0110235 seconds
Number of updated asset objects reloaded before import = 0Number of asset objects unloaded after import = 3

========================================================================
Received Import Request.
  Time since last request: 0.000018 seconds.
  path: Assets/Sprites/LevelSprites/Hospital/TileSheet-Elevators_7.asset
  artifactKey: Guid(13c9f1903d53e54439d72ee15fdd96c7) Importer(815301076,1909f56bfc062723c751e8b465ee728b)
Start importing Assets/Sprites/LevelSprites/Hospital/TileSheet-Elevators_7.asset using Guid(13c9f1903d53e54439d72ee15fdd96c7) Importer(815301076,1909f56bfc062723c751e8b465ee728b) (PreviewImporter) -> (artifact id: '5fed5d8587bbfa8740a3565e2bd3ca24') in 0.0110019 seconds
Number of updated asset objects reloaded before import = 0Number of asset objects unloaded after import = 3

========================================================================
Received Import Request.
  Time since last request: 0.125779 seconds.
  path: Assets/Sprites/LevelSprites/Hospital/TileSheet-Elevators_12.asset
  artifactKey: Guid(6534994a886ca18438dd2c8d76ea4581) Importer(815301076,1909f56bfc062723c751e8b465ee728b)
Start importing Assets/Sprites/LevelSprites/Hospital/TileSheet-Elevators_12.asset using Guid(6534994a886ca18438dd2c8d76ea4581) Importer(815301076,1909f56bfc062723c751e8b465ee728b) (PreviewImporter) -> (artifact id: 'dba5f6aa4de30412c18906e8ef5ac3a3') in 0.0115981 seconds
Number of updated asset objects reloaded before import = 0Number of asset objects unloaded after import = 3

========================================================================
Received Import Request.
  Time since last request: 0.000023 seconds.
  path: Assets/Sprites/LevelSprites/Hospital/TileSheet-Kitchen_1.asset
  artifactKey: Guid(bd28f55cf69db2d40b66dcdcff47be4d) Importer(815301076,1909f56bfc062723c751e8b465ee728b)
Start importing Assets/Sprites/LevelSprites/Hospital/TileSheet-Kitchen_1.asset using Guid(bd28f55cf69db2d40b66dcdcff47be4d) Importer(815301076,1909f56bfc062723c751e8b465ee728b) (PreviewImporter) -> (artifact id: '8e87020b7cea7d987aed5bdf37112c66') in 0.013802 seconds
Number of updated asset objects reloaded before import = 0Number of asset objects unloaded after import = 3

========================================================================
Received Import Request.
  Time since last request: 0.000020 seconds.
  path: Assets/Sprites/LevelSprites/Hospital/TileSheet-Kitchen_7.asset
  artifactKey: Guid(b03e52cc241842c4d80ac2ddaf5fcc8f) Importer(815301076,1909f56bfc062723c751e8b465ee728b)
Start importing Assets/Sprites/LevelSprites/Hospital/TileSheet-Kitchen_7.asset using Guid(b03e52cc241842c4d80ac2ddaf5fcc8f) Importer(815301076,1909f56bfc062723c751e8b465ee728b) (PreviewImporter) -> (artifact id: '33a2edbd7a142deaa6be161c9b0da211') in 0.0143826 seconds
Number of updated asset objects reloaded before import = 0Number of asset objects unloaded after import = 3

========================================================================
Received Import Request.
  Time since last request: 0.000027 seconds.
  path: Assets/Sprites/LevelSprites/Hospital/TileSheet-Misc.png
  artifactKey: Guid(9d7034b9daf3d534f8022d3ad4868f9f) Importer(815301076,1909f56bfc062723c751e8b465ee728b)
Start importing Assets/Sprites/LevelSprites/Hospital/TileSheet-Misc.png using Guid(9d7034b9daf3d534f8022d3ad4868f9f) Importer(815301076,1909f56bfc062723c751e8b465ee728b) (PreviewImporter) -> (artifact id: '02c71b19f78a79f0152aaf76ed037b68') in 0.3083738 seconds
Number of updated asset objects reloaded before import = 0Number of asset objects unloaded after import = 154

========================================================================
Received Import Request.
  Time since last request: 0.000027 seconds.
  path: Assets/Sprites/LevelSprites/Hospital/TileSheet-Trash-Puddles_12.asset
  artifactKey: Guid(3f35389dba7eda14c8cecf293fe78f84) Importer(815301076,1909f56bfc062723c751e8b465ee728b)
Start importing Assets/Sprites/LevelSprites/Hospital/TileSheet-Trash-Puddles_12.asset using Guid(3f35389dba7eda14c8cecf293fe78f84) Importer(815301076,1909f56bfc062723c751e8b465ee728b) (PreviewImporter) -> (artifact id: '21b522b4f74cf477529395fb0eca72cc') in 0.0115553 seconds
Number of updated asset objects reloaded before import = 0Number of asset objects unloaded after import = 3

========================================================================
Received Import Request.
  Time since last request: 0.000025 seconds.
  path: Assets/Sprites/LevelSprites/Hospital/TileSheet-Trash-Puddles_14.asset
  artifactKey: Guid(42cc233ce4d5b48468816b3b35e016e2) Importer(815301076,1909f56bfc062723c751e8b465ee728b)
Start importing Assets/Sprites/LevelSprites/Hospital/TileSheet-Trash-Puddles_14.asset using Guid(42cc233ce4d5b48468816b3b35e016e2) Importer(815301076,1909f56bfc062723c751e8b465ee728b) (PreviewImporter) -> (artifact id: 'acffaf141473f3eb683ebdbd7072ea57') in 0.0117801 seconds
Number of updated asset objects reloaded before import = 0Number of asset objects unloaded after import = 3

========================================================================
Received Import Request.
  Time since last request: 0.000016 seconds.
  path: Assets/Sprites/LevelSprites/Hospital/TileSheet-Trash-Puddles_10.asset
  artifactKey: Guid(239f1dca5e50cf44296442c798c14011) Importer(815301076,1909f56bfc062723c751e8b465ee728b)
Start importing Assets/Sprites/LevelSprites/Hospital/TileSheet-Trash-Puddles_10.asset using Guid(239f1dca5e50cf44296442c798c14011) Importer(815301076,1909f56bfc062723c751e8b465ee728b) (PreviewImporter) -> (artifact id: '3fb5e45a07617235f5932e0eaaae3317') in 0.0122681 seconds
Number of updated asset objects reloaded before import = 0Number of asset objects unloaded after import = 3

========================================================================
Received Import Request.
  Time since last request: 0.022424 seconds.
  path: Assets/Sprites/LevelSprites/Hospital/TileSheet-Trash-Puddles_22.asset
  artifactKey: Guid(d4f073f0517d46b478ee8d2cd95044ad) Importer(815301076,1909f56bfc062723c751e8b465ee728b)
Start importing Assets/Sprites/LevelSprites/Hospital/TileSheet-Trash-Puddles_22.asset using Guid(d4f073f0517d46b478ee8d2cd95044ad) Importer(815301076,1909f56bfc062723c751e8b465ee728b) (PreviewImporter) -> (artifact id: '3c97c39aa717063ab6e739465016341b') in 0.0106714 seconds
Number of updated asset objects reloaded before import = 0Number of asset objects unloaded after import = 3

========================================================================
Received Import Request.
  Time since last request: 0.000019 seconds.
  path: Assets/Sprites/LevelSprites/Hospital/TileSheet-Trash-Puddles_29.asset
  artifactKey: Guid(92bafb64b2ceb1144aac9398c966169b) Importer(815301076,1909f56bfc062723c751e8b465ee728b)
Start importing Assets/Sprites/LevelSprites/Hospital/TileSheet-Trash-Puddles_29.asset using Guid(92bafb64b2ceb1144aac9398c966169b) Importer(815301076,1909f56bfc062723c751e8b465ee728b) (PreviewImporter) -> (artifact id: 'c42ee506652b69c122109c6849aaec19') in 0.0105389 seconds
Number of updated asset objects reloaded before import = 0Number of asset objects unloaded after import = 3

========================================================================
Received Import Request.
  Time since last request: 0.000025 seconds.
  path: Assets/Sprites/LevelSprites/Hospital/TileSheet-Trash-Puddles_43.asset
  artifactKey: Guid(e5f3eb39039e9054d8427b3fb5c32ac1) Importer(815301076,1909f56bfc062723c751e8b465ee728b)
Start importing Assets/Sprites/LevelSprites/Hospital/TileSheet-Trash-Puddles_43.asset using Guid(e5f3eb39039e9054d8427b3fb5c32ac1) Importer(815301076,1909f56bfc062723c751e8b465ee728b) (PreviewImporter) -> (artifact id: '007842a336fcb4cf03afc3413d083981') in 0.0257423 seconds
Number of updated asset objects reloaded before import = 0Number of asset objects unloaded after import = 3

========================================================================
Received Import Request.
  Time since last request: 0.000017 seconds.
  path: Assets/Sprites/LevelSprites/Hospital/TileSheet-Trash-Puddles_39.asset
  artifactKey: Guid(c82b8b7612c3e0045a46504e15f53054) Importer(815301076,1909f56bfc062723c751e8b465ee728b)
Start importing Assets/Sprites/LevelSprites/Hospital/TileSheet-Trash-Puddles_39.asset using Guid(c82b8b7612c3e0045a46504e15f53054) Importer(815301076,1909f56bfc062723c751e8b465ee728b) (PreviewImporter) -> (artifact id: '67822bb92ee9e547be8ac6830845baa1') in 0.0110034 seconds
Number of updated asset objects reloaded before import = 0Number of asset objects unloaded after import = 3

========================================================================
Received Import Request.
  Time since last request: 0.073298 seconds.
  path: Assets/Sprites/LevelSprites/Hospital/TileSheet-Trash-Puddles_46.asset
  artifactKey: Guid(e1f6ab90075ac624ea1510352e53de4d) Importer(815301076,1909f56bfc062723c751e8b465ee728b)
Start importing Assets/Sprites/LevelSprites/Hospital/TileSheet-Trash-Puddles_46.asset using Guid(e1f6ab90075ac624ea1510352e53de4d) Importer(815301076,1909f56bfc062723c751e8b465ee728b) (PreviewImporter) -> (artifact id: 'd1f4e2801c3cc445fa93e7f3c22c8ea9') in 0.0134842 seconds
Number of updated asset objects reloaded before import = 0Number of asset objects unloaded after import = 3

========================================================================
Received Import Request.
  Time since last request: 0.000014 seconds.
  path: Assets/Sprites/LevelSprites/Hospital/TileSheet-Trash-Puddles_50.asset
  artifactKey: Guid(5886012eac6c95c4596c4b65986192b4) Importer(815301076,1909f56bfc062723c751e8b465ee728b)
Start importing Assets/Sprites/LevelSprites/Hospital/TileSheet-Trash-Puddles_50.asset using Guid(5886012eac6c95c4596c4b65986192b4) Importer(815301076,1909f56bfc062723c751e8b465ee728b) (PreviewImporter) -> (artifact id: 'd969495238d344bb1031b02385d8a839') in 0.0094347 seconds
Number of updated asset objects reloaded before import = 0Number of asset objects unloaded after import = 3

Editor requested this worker to shutdown with reason: Scaling down because of idle timeout
AssetImportWorker is now disconnected from the server
Process exiting
Exiting without the bug reporter. Application will terminate with return code 0